Component: ARM Compiler 5.06 update 5 (build 528) Tool: armlink [4d35e2]

==============================================================================

Section Cross References

    stm32f10x_adc.o(i.ADC_DeInit) refers to stm32f10x_rcc.o(i.RCC_APB2PeriphResetCmd) for RCC_APB2PeriphResetCmd
    stm32f10x_bkp.o(i.BKP_DeInit) refers to stm32f10x_rcc.o(i.RCC_BackupResetCmd) for RCC_BackupResetCmd
    stm32f10x_can.o(i.CAN_DeInit) refers to stm32f10x_rcc.o(i.RCC_APB1PeriphResetCmd) for RCC_APB1PeriphResetCmd
    stm32f10x_can.o(i.CAN_GetITStatus) refers to stm32f10x_can.o(i.CheckITStatus) for CheckITStatus
    stm32f10x_cec.o(i.CEC_DeInit) refers to stm32f10x_rcc.o(i.RCC_APB1PeriphResetCmd) for RCC_APB1PeriphResetCmd
    stm32f10x_dac.o(i.DAC_DeInit) refers to stm32f10x_rcc.o(i.RCC_APB1PeriphResetCmd) for RCC_APB1PeriphResetCmd
    stm32f10x_flash.o(i.FLASH_EnableWriteProtection) refers to stm32f10x_flash.o(i.FLASH_WaitForLastOperation) for FLASH_WaitForLastOperation
    stm32f10x_flash.o(i.FLASH_EraseAllBank1Pages) refers to stm32f10x_flash.o(i.FLASH_WaitForLastBank1Operation) for FLASH_WaitForLastBank1Operation
    stm32f10x_flash.o(i.FLASH_EraseAllPages) refers to stm32f10x_flash.o(i.FLASH_WaitForLastOperation) for FLASH_WaitForLastOperation
    stm32f10x_flash.o(i.FLASH_EraseOptionBytes) refers to stm32f10x_flash.o(i.FLASH_GetReadOutProtectionStatus) for FLASH_GetReadOutProtectionStatus
    stm32f10x_flash.o(i.FLASH_EraseOptionBytes) refers to stm32f10x_flash.o(i.FLASH_WaitForLastOperation) for FLASH_WaitForLastOperation
    stm32f10x_flash.o(i.FLASH_ErasePage) refers to stm32f10x_flash.o(i.FLASH_WaitForLastOperation) for FLASH_WaitForLastOperation
    stm32f10x_flash.o(i.FLASH_ProgramHalfWord) refers to stm32f10x_flash.o(i.FLASH_WaitForLastOperation) for FLASH_WaitForLastOperation
    stm32f10x_flash.o(i.FLASH_ProgramOptionByteData) refers to stm32f10x_flash.o(i.FLASH_WaitForLastOperation) for FLASH_WaitForLastOperation
    stm32f10x_flash.o(i.FLASH_ProgramWord) refers to stm32f10x_flash.o(i.FLASH_WaitForLastOperation) for FLASH_WaitForLastOperation
    stm32f10x_flash.o(i.FLASH_ReadOutProtection) refers to stm32f10x_flash.o(i.FLASH_WaitForLastOperation) for FLASH_WaitForLastOperation
    stm32f10x_flash.o(i.FLASH_UserOptionByteConfig) refers to stm32f10x_flash.o(i.FLASH_WaitForLastOperation) for FLASH_WaitForLastOperation
    stm32f10x_flash.o(i.FLASH_WaitForLastBank1Operation) refers to stm32f10x_flash.o(i.FLASH_GetBank1Status) for FLASH_GetBank1Status
    stm32f10x_flash.o(i.FLASH_WaitForLastOperation) refers to stm32f10x_flash.o(i.FLASH_GetBank1Status) for FLASH_GetBank1Status
    stm32f10x_gpio.o(i.GPIO_AFIODeInit) refers to stm32f10x_rcc.o(i.RCC_APB2PeriphResetCmd) for RCC_APB2PeriphResetCmd
    stm32f10x_gpio.o(i.GPIO_DeInit) refers to stm32f10x_rcc.o(i.RCC_APB2PeriphResetCmd) for RCC_APB2PeriphResetCmd
    stm32f10x_i2c.o(i.I2C_DeInit) refers to stm32f10x_rcc.o(i.RCC_APB1PeriphResetCmd) for RCC_APB1PeriphResetCmd
    stm32f10x_i2c.o(i.I2C_Init) refers to stm32f10x_rcc.o(i.RCC_GetClocksFreq) for RCC_GetClocksFreq
    stm32f10x_pwr.o(i.PWR_DeInit) refers to stm32f10x_rcc.o(i.RCC_APB1PeriphResetCmd) for RCC_APB1PeriphResetCmd
    stm32f10x_rcc.o(i.RCC_GetClocksFreq) refers to stm32f10x_rcc.o(.data) for APBAHBPrescTable
    stm32f10x_rcc.o(i.RCC_WaitForHSEStartUp) refers to stm32f10x_rcc.o(i.RCC_GetFlagStatus) for RCC_GetFlagStatus
    stm32f10x_rtc.o(i.RTC_SetAlarm) refers to stm32f10x_rtc.o(i.RTC_EnterConfigMode) for RTC_EnterConfigMode
    stm32f10x_rtc.o(i.RTC_SetAlarm) refers to stm32f10x_rtc.o(i.RTC_ExitConfigMode) for RTC_ExitConfigMode
    stm32f10x_rtc.o(i.RTC_SetCounter) refers to stm32f10x_rtc.o(i.RTC_EnterConfigMode) for RTC_EnterConfigMode
    stm32f10x_rtc.o(i.RTC_SetCounter) refers to stm32f10x_rtc.o(i.RTC_ExitConfigMode) for RTC_ExitConfigMode
    stm32f10x_rtc.o(i.RTC_SetPrescaler) refers to stm32f10x_rtc.o(i.RTC_EnterConfigMode) for RTC_EnterConfigMode
    stm32f10x_rtc.o(i.RTC_SetPrescaler) refers to stm32f10x_rtc.o(i.RTC_ExitConfigMode) for RTC_ExitConfigMode
    stm32f10x_spi.o(i.I2S_Init) refers to stm32f10x_rcc.o(i.RCC_GetClocksFreq) for RCC_GetClocksFreq
    stm32f10x_spi.o(i.SPI_I2S_DeInit) refers to stm32f10x_rcc.o(i.RCC_APB2PeriphResetCmd) for RCC_APB2PeriphResetCmd
    stm32f10x_spi.o(i.SPI_I2S_DeInit) refers to stm32f10x_rcc.o(i.RCC_APB1PeriphResetCmd) for RCC_APB1PeriphResetCmd
    stm32f10x_tim.o(i.TIM_DeInit) refers to stm32f10x_rcc.o(i.RCC_APB2PeriphResetCmd) for RCC_APB2PeriphResetCmd
    stm32f10x_tim.o(i.TIM_DeInit) refers to stm32f10x_rcc.o(i.RCC_APB1PeriphResetCmd) for RCC_APB1PeriphResetCmd
    stm32f10x_tim.o(i.TIM_ETRClockMode1Config) refers to stm32f10x_tim.o(i.TIM_ETRConfig) for TIM_ETRConfig
    stm32f10x_tim.o(i.TIM_ETRClockMode2Config) refers to stm32f10x_tim.o(i.TIM_ETRConfig) for TIM_ETRConfig
    stm32f10x_tim.o(i.TIM_ICInit) refers to stm32f10x_tim.o(i.TI1_Config) for TI1_Config
[...]
    Removing stm32f10x_adc.o(i.ADC_GetConversionValue), (8 bytes).
    Removing stm32f10x_adc.o(i.ADC_GetDualModeConversionValue), (12 bytes).
    Removing stm32f10x_adc.o(i.ADC_GetFlagStatus), (18 bytes).
    Removing stm32f10x_adc.o(i.ADC_GetITStatus), (36 bytes).
    Removing stm32f10x_adc.o(i.ADC_GetInjectedConversionValue), (28 bytes).
    Removing stm32f10x_adc.o(i.ADC_GetResetCalibrationStatus), (20 bytes).
    Removing stm32f10x_adc.o(i.ADC_GetSoftwareStartConvStatus), (20 bytes).
    Removing stm32f10x_adc.o(i.ADC_GetSoftwareStartInjectedConvCmdStatus), (20 bytes).
    Removing stm32f10x_adc.o(i.ADC_ITConfig), (24 bytes).
    Removing stm32f10x_adc.o(i.ADC_Init), (80 bytes).
    Removing stm32f10x_adc.o(i.ADC_InjectedChannelConfig), (130 bytes).
    Removing stm32f10x_adc.o(i.ADC_InjectedDiscModeCmd), (22 bytes).
    Removing stm32f10x_adc.o(i.ADC_InjectedSequencerLengthConfig), (24 bytes).
    Removing stm32f10x_adc.o(i.ADC_RegularChannelConfig), (184 bytes).
    Removing stm32f10x_adc.o(i.ADC_ResetCalibration), (10 bytes).
    Removing stm32f10x_adc.o(i.ADC_SetInjectedOffset), (20 bytes).
    Removing stm32f10x_adc.o(i.ADC_SoftwareStartConvCmd), (22 bytes).
    Removing stm32f10x_adc.o(i.ADC_SoftwareStartInjectedConvCmd), (22 bytes).
    Removing stm32f10x_adc.o(i.ADC_StartCalibration), (10 bytes).
    Removing stm32f10x_adc.o(i.ADC_StructInit), (18 bytes).
    Removing stm32f10x_adc.o(i.ADC_TempSensorVrefintCmd), (36 bytes).
    Removing stm32f10x_bkp.o(i.BKP_ClearFlag), (20 bytes).
    Removing stm32f10x_bkp.o(i.BKP_ClearITPendingBit), (20 bytes).
    Removing stm32f10x_bkp.o(i.BKP_DeInit), (16 bytes).
    Removing stm32f10x_bkp.o(i.BKP_GetFlagStatus), (12 bytes).
    Removing stm32f10x_bkp.o(i.BKP_GetITStatus), (12 bytes).
    Removing stm32f10x_bkp.o(i.BKP_ITConfig), (12 bytes).
    Removing stm32f10x_bkp.o(i.BKP_RTCOutputConfig), (28 bytes).
    Removing stm32f10x_bkp.o(i.BKP_ReadBackupRegister), (28 bytes).
    Removing stm32f10x_bkp.o(i.BKP_SetRTCCalibrationValue), (28 bytes).
    Removing stm32f10x_bkp.o(i.BKP_TamperPinCmd), (12 bytes).
    Removing stm32f10x_bkp.o(i.BKP_TamperPinLevelConfig), (12 bytes).
    Removing stm32f10x_bkp.o(i.BKP_WriteBackupRegister), (28 bytes).
    Removing stm32f10x_can.o(i.CAN_CancelTransmit), (48 bytes).
    Removing stm32f10x_can.o(i.CAN_ClearFlag), (56 bytes).
    Removing stm32f10x_can.o(i.CAN_ClearITPendingBit), (168 bytes).
    Removing stm32f10x_can.o(i.CAN_DBGFreeze), (22 bytes).
    Removing stm32f10x_can.o(i.CAN_DeInit), (56 bytes).
    Removing stm32f10x_can.o(i.CAN_FIFORelease), (22 bytes).
    Removing stm32f10x_can.o(i.CAN_FilterInit), (264 bytes).
    Removing stm32f10x_can.o(i.CAN_GetFlagStatus), (120 bytes).
    Removing stm32f10x_can.o(i.CAN_GetITStatus), (288 bytes).
    Removing stm32f10x_can.o(i.CAN_GetLSBTransmitErrorCounter), (12 bytes).
    Removing stm32f10x_can.o(i.CAN_GetLastErrorCode), (12 bytes).
    Removing stm32f10x_can.o(i.CAN_GetReceiveErrorCounter), (10 bytes).
    Removing stm32f10x_can.o(i.CAN_ITConfig), (18 bytes).
    Removing stm32f10x_can.o(i.CAN_Init), (276 bytes).
    Removing stm32f10x_can.o(i.CAN_MessagePending), (30 bytes).
    Removing stm32f10x_can.o(i.CAN_OperatingModeRequest), (162 bytes).
    Removing stm32f10x_can.o(i.CAN_Receive), (240 bytes).
    Removing stm32f10x_can.o(i.CAN_SlaveStartBank), (52 bytes).
    Removing stm32f10x_can.o(i.CAN_Sleep), (30 bytes).
    Removing stm32f10x_can.o(i.CAN_StructInit), (32 bytes).
    Removing stm32f10x_can.o(i.CAN_TTComModeCmd), (118 bytes).
    Removing stm32f10x_can.o(i.CAN_Transmit), (294 bytes).
    Removing stm32f10x_can.o(i.CAN_TransmitStatus), (160 bytes).
    Removing stm32f10x_can.o(i.CAN_WakeUp), (48 bytes).
    Removing stm32f10x_can.o(i.CheckITStatus), (18 bytes).
    Removing stm32f10x_cec.o(i.CEC_ClearFlag), (36 bytes).
    Removing stm32f10x_cec.o(i.CEC_ClearITPendingBit), (36 bytes).
    Removing stm32f10x_cec.o(i.CEC_Cmd), (32 bytes).
    Removing stm32f10x_cec.o(i.CEC_DeInit), (22 bytes).
    Removing stm32f10x_cec.o(i.CEC_EndOfMessageCmd), (12 bytes).
    Removing stm32f10x_cec.o(i.CEC_GetFlagStatus), (48 bytes).
    Removing stm32f10x_cec.o(i.CEC_GetITStatus), (40 bytes).
    Removing stm32f10x_cec.o(i.CEC_ITConfig), (12 bytes).
    Removing stm32f10x_cec.o(i.CEC_Init), (32 bytes).
    Removing stm32f10x_cec.o(i.CEC_OwnAddressConfig), (12 bytes).
    Removing stm32f10x_cec.o(i.CEC_ReceiveDataByte), (12 bytes).
    Removing stm32f10x_cec.o(i.CEC_SendDataByte), (12 bytes).
    Removing stm32f10x_cec.o(i.CEC_SetPrescaler), (12 bytes).
    Removing stm32f10x_cec.o(i.CEC_StartOfMessage), (12 bytes).
    Removing stm32f10x_crc.o(i.CRC_CalcBlockCRC), (36 bytes).
    Removing stm32f10x_crc.o(i.CRC_CalcCRC), (16 bytes).
    Removing stm32f10x_crc.o(i.CRC_GetCRC), (12 bytes).
    Removing stm32f10x_crc.o(i.CRC_GetIDRegister), (12 bytes).
    Removing stm32f10x_crc.o(i.CRC_ResetDR), (12 bytes).
    Removing stm32f10x_crc.o(i.CRC_SetIDRegister), (12 bytes).
    Removing stm32f10x_dac.o(i.DAC_DeInit), (22 bytes).
    Removing stm32f10x_dac.o(i.DAC_DualSoftwareTriggerCmd), (36 bytes).
    Removing stm32f10x_dac.o(i.DAC_GetDataOutputValue), (36 bytes).
    Removing stm32f10x_dac.o(i.DAC_SetChannel1Data), (32 bytes).
    Removing stm32f10x_dac.o(i.DAC_SetChannel2Data), (32 bytes).
    Removing stm32f10x_dac.o(i.DAC_SetDualChannelData), (36 bytes).
    Removing stm32f10x_dac.o(i.DAC_SoftwareTriggerCmd), (44 bytes).
    Removing stm32f10x_dac.o(i.DAC_StructInit), (12 bytes).
    Removing stm32f10x_dac.o(i.DAC_WaveGenerationCmd), (40 bytes).
    Removing stm32f10x_dbgmcu.o(i.DBGMCU_Config), (32 bytes).
    Removing stm32f10x_dbgmcu.o(i.DBGMCU_GetDEVID), (16 bytes).
    Removing stm32f10x_dbgmcu.o(i.DBGMCU_GetREVID), (12 bytes).
    Removing stm32f10x_dma.o(i.DMA_ClearFlag), (28 bytes).
    Removing stm32f10x_dma.o(i.DMA_ClearITPendingBit), (28 bytes).
    Removing stm32f10x_dma.o(i.DMA_DeInit), (332 bytes).
    Removing stm32f10x_dma.o(i.DMA_GetCurrDataCounter), (8 bytes).
    Removing stm32f10x_dma.o(i.DMA_GetFlagStatus), (44 bytes).
    Removing stm32f10x_dma.o(i.DMA_GetITStatus), (44 bytes).
    Removing stm32f10x_dma.o(i.DMA_ITConfig), (18 bytes).
    Removing stm32f10x_dma.o(i.DMA_SetCurrDataCounter), (4 bytes).
    Removing stm32f10x_dma.o(i.DMA_StructInit), (26 bytes).
    Removing stm32f10x_exti.o(i.EXTI_ClearFlag), (12 bytes).
    Removing stm32f10x_exti.o(i.EXTI_DeInit), (36 bytes).
    Removing stm32f10x_exti.o(i.EXTI_GenerateSWInterrupt), (16 bytes).
    Removing stm32f10x_exti.o(i.EXTI_GetFlagStatus), (24 bytes).
    Removing stm32f10x_exti.o(i.EXTI_Init), (148 bytes).
    Removing stm32f10x_exti.o(i.EXTI_StructInit), (16 bytes).
    Removing stm32f10x_flash.o(i.FLASH_ClearFlag), (12 bytes).
    Removing stm32f10x_flash.o(i.FLASH_EnableWriteProtection), (196 bytes).
    Removing stm32f10x_flash.o(i.FLASH_EraseAllBank1Pages), (72 bytes).
    Removing stm32f10x_flash.o(i.FLASH_EraseAllPages), (72 bytes).
    Removing stm32f10x_flash.o(i.FLASH_EraseOptionBytes), (168 bytes).
    Removing stm32f10x_flash.o(i.FLASH_ErasePage), (76 bytes).
    Removing stm32f10x_flash.o(i.FLASH_GetBank1Status), (52 bytes).
    Removing stm32f10x_flash.o(i.FLASH_GetFlagStatus), (48 bytes).
    Removing stm32f10x_flash.o(i.FLASH_GetPrefetchBufferStatus), (24 bytes).
    Removing stm32f10x_flash.o(i.FLASH_GetReadOutProtectionStatus), (24 bytes).
    Removing stm32f10x_flash.o(i.FLASH_GetStatus), (52 bytes).
    Removing stm32f10x_flash.o(i.FLASH_GetUserOptionByte), (12 bytes).
    Removing stm32f10x_flash.o(i.FLASH_GetWriteProtectionOptionByte), (12 bytes).
    Removing stm32f10x_flash.o(i.FLASH_HalfCycleAccessCmd), (28 bytes).
    Removing stm32f10x_flash.o(i.FLASH_ITConfig), (32 bytes).
    Removing stm32f10x_flash.o(i.FLASH_Lock), (20 bytes).
    Removing stm32f10x_flash.o(i.FLASH_LockBank1), (20 bytes).
    Removing stm32f10x_flash.o(i.FLASH_PrefetchBufferCmd), (28 bytes).
    Removing stm32f10x_flash.o(i.FLASH_ProgramHalfWord), (64 bytes).
    Removing stm32f10x_flash.o(i.FLASH_ProgramOptionByteData), (84 bytes).
    Removing stm32f10x_flash.o(i.FLASH_ProgramWord), (108 bytes).
    Removing stm32f10x_flash.o(i.FLASH_ReadOutProtection), (172 bytes).
    Removing stm32f10x_flash.o(i.FLASH_SetLatency), (24 bytes).
    Removing stm32f10x_flash.o(i.FLASH_Unlock), (24 bytes).
    Removing stm32f10x_flash.o(i.FLASH_UnlockBank1), (24 bytes).
    Removing stm32f10x_flash.o(i.FLASH_UserOptionByteConfig), (104 bytes).
    Removing stm32f10x_flash.o(i.FLASH_WaitForLastBank1Operation), (38 bytes).
    Removing stm32f10x_flash.o(i.FLASH_WaitForLastOperation), (38 bytes).
    Removing stm32f10x_fsmc.o(i.FSMC_ClearFlag), (64 bytes).
    Removing stm32f10x_fsmc.o(i.FSMC_ClearITPendingBit), (72 bytes).
    Removing stm32f10x_fsmc.o(i.FSMC_GetECC), (28 bytes).
    Removing stm32f10x_fsmc.o(i.FSMC_GetFlagStatus), (56 bytes).
    Removing stm32f10x_fsmc.o(i.FSMC_GetITStatus), (68 bytes).
    Removing stm32f10x_fsmc.o(i.FSMC_ITConfig), (128 bytes).
    Removing stm32f10x_fsmc.o(i.FSMC_NANDCmd), (92 bytes).
    Removing stm32f10x_fsmc.o(i.FSMC_NANDDeInit), (68 bytes).
    Removing stm32f10x_fsmc.o(i.FSMC_NANDECCCmd), (92 bytes).
    Removing stm32f10x_fsmc.o(i.FSMC_NANDInit), (136 bytes).
    Removing stm32f10x_fsmc.o(i.FSMC_NANDStructInit), (54 bytes).
    Removing stm32f10x_fsmc.o(i.FSMC_NORSRAMCmd), (52 bytes).
    Removing stm32f10x_fsmc.o(i.FSMC_NORSRAMDeInit), (54 bytes).
    Removing stm32f10x_fsmc.o(i.FSMC_NORSRAMInit), (230 bytes).
    Removing stm32f10x_fsmc.o(i.FSMC_NORSRAMStructInit), (114 bytes).
    Removing stm32f10x_fsmc.o(i.FSMC_PCCARDCmd), (48 bytes).
    Removing stm32f10x_fsmc.o(i.FSMC_PCCARDDeInit), (40 bytes).
    Removing stm32f10x_fsmc.o(i.FSMC_PCCARDInit), (132 bytes).
    Removing stm32f10x_fsmc.o(i.FSMC_PCCARDStructInit), (60 bytes).
    Removing stm32f10x_gpio.o(i.GPIO_AFIODeInit), (20 bytes).
    Removing stm32f10x_gpio.o(i.GPIO_DeInit), (200 bytes).
    Removing stm32f10x_gpio.o(i.GPIO_ETH_MediaInterfaceConfig), (12 bytes).
    Removing stm32f10x_gpio.o(i.GPIO_EXTILineConfig), (64 bytes).
    Removing stm32f10x_gpio.o(i.GPIO_EventOutputCmd), (12 bytes).
    Removing stm32f10x_gpio.o(i.GPIO_EventOutputConfig), (32 bytes).
    Removing stm32f10x_gpio.o(i.GPIO_PinLockConfig), (18 bytes).
    Removing stm32f10x_gpio.o(i.GPIO_PinRemapConfig), (144 bytes).
    Removing stm32f10x_gpio.o(i.GPIO_ReadInputData), (8 bytes).
    Removing stm32f10x_gpio.o(i.GPIO_ReadInputDataBit), (18 bytes).
    Removing stm32f10x_gpio.o(i.GPIO_ReadOutputData), (8 bytes).
    Removing stm32f10x_gpio.o(i.GPIO_ReadOutputDataBit), (18 bytes).
    Removing stm32f10x_gpio.o(i.GPIO_ResetBits), (4 bytes).
    Removing stm32f10x_gpio.o(i.GPIO_SetBits), (4 bytes).
    Removing stm32f10x_gpio.o(i.GPIO_StructInit), (16 bytes).
    Removing stm32f10x_gpio.o(i.GPIO_Write), (4 bytes).
    Removing stm32f10x_gpio.o(i.GPIO_WriteBit), (10 bytes).
    Removing stm32f10x_i2c.o(i.I2C_ARPCmd), (24 bytes).
    Removing stm32f10x_i2c.o(i.I2C_AcknowledgeConfig), (24 bytes).
    Removing stm32f10x_i2c.o(i.I2C_CalculatePEC), (24 bytes).
    Removing stm32f10x_i2c.o(i.I2C_CheckEvent), (42 bytes).
    Removing stm32f10x_i2c.o(i.I2C_ClearFlag), (12 bytes).
    Removing stm32f10x_i2c.o(i.I2C_ClearITPendingBit), (12 bytes).
    Removing stm32f10x_i2c.o(i.I2C_Cmd), (24 bytes).
    Removing stm32f10x_i2c.o(i.I2C_DMACmd), (24 bytes).
    Removing stm32f10x_i2c.o(i.I2C_DMALastTransferCmd), (24 bytes).
    Removing stm32f10x_i2c.o(i.I2C_DeInit), (56 bytes).
    Removing stm32f10x_i2c.o(i.I2C_DualAddressCmd), (24 bytes).
    Removing stm32f10x_i2c.o(i.I2C_FastModeDutyCycleConfig), (28 bytes).
    Removing stm32f10x_i2c.o(i.I2C_GeneralCallCmd), (24 bytes).
    Removing stm32f10x_i2c.o(i.I2C_GenerateSTART), (24 bytes).
    Removing stm32f10x_i2c.o(i.I2C_GenerateSTOP), (24 bytes).
    Removing stm32f10x_i2c.o(i.I2C_GetFlagStatus), (58 bytes).
    Removing stm32f10x_i2c.o(i.I2C_GetITStatus), (38 bytes).
    Removing stm32f10x_i2c.o(i.I2C_GetLastEvent), (26 bytes).
    Removing stm32f10x_i2c.o(i.I2C_GetPEC), (8 bytes).
    Removing stm32f10x_i2c.o(i.I2C_ITConfig), (18 bytes).
    Removing stm32f10x_i2c.o(i.I2C_Init), (236 bytes).
    Removing stm32f10x_i2c.o(i.I2C_NACKPositionConfig), (28 bytes).
    Removing stm32f10x_i2c.o(i.I2C_OwnAddress2Config), (22 bytes).
    Removing stm32f10x_i2c.o(i.I2C_PECPositionConfig), (28 bytes).
    Removing stm32f10x_i2c.o(i.I2C_ReadRegister), (22 bytes).
    Removing stm32f10x_i2c.o(i.I2C_ReceiveData), (8 bytes).
    Removing stm32f10x_i2c.o(i.I2C_SMBusAlertConfig), (28 bytes).
    Removing stm32f10x_i2c.o(i.I2C_Send7bitAddress), (18 bytes).
    Removing stm32f10x_i2c.o(i.I2C_SendData), (4 bytes).
    Removing stm32f10x_i2c.o(i.I2C_SoftwareResetCmd), (22 bytes).
    Removing stm32f10x_i2c.o(i.I2C_StretchClockCmd), (24 bytes).
    Removing stm32f10x_i2c.o(i.I2C_StructInit), (30 bytes).
    Removing stm32f10x_i2c.o(i.I2C_TransmitPEC), (24 bytes).
    Removing stm32f10x_iwdg.o(i.IWDG_Enable), (16 bytes).
    Removing stm32f10x_iwdg.o(i.IWDG_GetFlagStatus), (24 bytes).
    Removing stm32f10x_iwdg.o(i.IWDG_ReloadCounter), (16 bytes).
    Removing stm32f10x_iwdg.o(i.IWDG_SetPrescaler), (12 bytes).
    Removing stm32f10x_iwdg.o(i.IWDG_SetReload), (12 bytes).
    Removing stm32f10x_iwdg.o(i.IWDG_WriteAccessCmd), (12 bytes).
    Removing stm32f10x_pwr.o(i.PWR_BackupAccessCmd), (12 bytes).
    Removing stm32f10x_pwr.o(i.PWR_ClearFlag), (20 bytes).
    Removing stm32f10x_pwr.o(i.PWR_DeInit), (22 bytes).
    Removing stm32f10x_pwr.o(i.PWR_EnterSTANDBYMode), (52 bytes).
    Removing stm32f10x_pwr.o(i.PWR_EnterSTOPMode), (64 bytes).
    Removing stm32f10x_pwr.o(i.PWR_GetFlagStatus), (24 bytes).
    Removing stm32f10x_pwr.o(i.PWR_PVDCmd), (12 bytes).
    Removing stm32f10x_pwr.o(i.PWR_PVDLevelConfig), (24 bytes).
    Removing stm32f10x_pwr.o(i.PWR_WakeUpPinCmd), (12 bytes).
    Removing stm32f10x_rcc.o(i.RCC_ADCCLKConfig), (24 bytes).
    Removing stm32f10x_rcc.o(i.RCC_APB1PeriphResetCmd), (32 bytes).
    Removing stm32f10x_rcc.o(i.RCC_APB2PeriphResetCmd), (32 bytes).
    Removing stm32f10x_rcc.o(i.RCC_AdjustHSICalibrationValue), (24 bytes).
    Removing stm32f10x_rcc.o(i.RCC_BackupResetCmd), (12 bytes).
    Removing stm32f10x_rcc.o(i.RCC_ClearFlag), (20 bytes).
    Removing stm32f10x_rcc.o(i.RCC_ClearITPendingBit), (12 bytes).
    Removing stm32f10x_rcc.o(i.RCC_ClockSecuritySystemCmd), (12 bytes).
    Removing stm32f10x_rcc.o(i.RCC_DeInit), (76 bytes).
    Removing stm32f10x_rcc.o(i.RCC_GetClocksFreq), (212 bytes).
    Removing stm32f10x_rcc.o(i.RCC_GetFlagStatus), (60 bytes).
    Removing stm32f10x_rcc.o(i.RCC_GetITStatus), (24 bytes).
    Removing stm32f10x_rcc.o(i.RCC_GetSYSCLKSource), (16 bytes).
    Removing stm32f10x_rcc.o(i.RCC_HCLKConfig), (24 bytes).
    Removing stm32f10x_rcc.o(i.RCC_HSEConfig), (76 bytes).
    Removing stm32f10x_rcc.o(i.RCC_HSICmd), (12 bytes).
    Removing stm32f10x_rcc.o(i.RCC_ITConfig), (32 bytes).
    Removing stm32f10x_rcc.o(i.RCC_LSEConfig), (52 bytes).
    Removing stm32f10x_rcc.o(i.RCC_LSICmd), (12 bytes).
    Removing stm32f10x_rcc.o(i.RCC_MCOConfig), (12 bytes).
    Removing stm32f10x_rcc.o(i.RCC_PCLK1Config), (24 bytes).
    Removing stm32f10x_rcc.o(i.RCC_PCLK2Config), (24 bytes).
    Removing stm32f10x_rcc.o(i.RCC_PLLCmd), (12 bytes).
    Removing stm32f10x_rcc.o(i.RCC_PLLConfig), (28 bytes).
    Removing stm32f10x_rcc.o(i.RCC_RTCCLKCmd), (12 bytes).
    Removing stm32f10x_rcc.o(i.RCC_RTCCLKConfig), (16 bytes).
    Removing stm32f10x_rcc.o(i.RCC_SYSCLKConfig), (24 bytes).
    Removing stm32f10x_rcc.o(i.RCC_USBCLKConfig), (12 bytes).
    Removing stm32f10x_rcc.o(i.RCC_WaitForHSEStartUp), (56 bytes).
    Removing stm32f10x_rcc.o(.data), (20 bytes).
    Removing stm32f10x_rtc.o(i.RTC_ClearFlag), (16 bytes).
    Removing stm32f10x_rtc.o(i.RTC_ClearITPendingBit), (16 bytes).
    Removing stm32f10x_rtc.o(i.RTC_EnterConfigMode), (20 bytes).
    Removing stm32f10x_rtc.o(i.RTC_ExitConfigMode), (20 bytes).
    Removing stm32f10x_rtc.o(i.RTC_GetCounter), (20 bytes).
    Removing stm32f10x_rtc.o(i.RTC_GetDivider), (24 bytes).
    Removing stm32f10x_rtc.o(i.RTC_GetFlagStatus), (24 bytes).
    Removing stm32f10x_rtc.o(i.RTC_GetITStatus), (36 bytes).
    Removing stm32f10x_rtc.o(i.RTC_ITConfig), (32 bytes).
    Removing stm32f10x_rtc.o(i.RTC_SetAlarm), (28 bytes).
    Removing stm32f10x_rtc.o(i.RTC_SetCounter), (28 bytes).
    Removing stm32f10x_rtc.o(i.RTC_SetPrescaler), (32 bytes).
    Removing stm32f10x_rtc.o(i.RTC_WaitForLastTask), (20 bytes).
    Removing stm32f10x_rtc.o(i.RTC_WaitForSynchro), (36 bytes).
    Removing stm32f10x_sdio.o(i.SDIO_CEATAITCmd), (16 bytes).
    Removing stm32f10x_sdio.o(i.SDIO_ClearFlag), (12 bytes).
    Removing stm32f10x_sdio.o(i.SDIO_ClearITPendingBit), (12 bytes).
    Removing stm32f10x_sdio.o(i.SDIO_ClockCmd), (12 bytes).
    Removing stm32f10x_sdio.o(i.SDIO_CmdStructInit), (14 bytes).
    Removing stm32f10x_sdio.o(i.SDIO_CommandCompletionCmd), (12 bytes).
    Removing stm32f10x_sdio.o(i.SDIO_DMACmd), (12 bytes).
    Removing stm32f10x_sdio.o(i.SDIO_DataConfig), (48 bytes).
    Removing stm32f10x_sdio.o(i.SDIO_DataStructInit), (20 bytes).
    Removing stm32f10x_sdio.o(i.SDIO_DeInit), (36 bytes).
    Removing stm32f10x_sdio.o(i.SDIO_GetCommandResponse), (12 bytes).
    Removing stm32f10x_sdio.o(i.SDIO_GetDataCounter), (12 bytes).
    Removing stm32f10x_sdio.o(i.SDIO_GetFIFOCount), (12 bytes).
    Removing stm32f10x_sdio.o(i.SDIO_GetFlagStatus), (24 bytes).
    Removing stm32f10x_sdio.o(i.SDIO_GetITStatus), (24 bytes).
    Removing stm32f10x_sdio.o(i.SDIO_GetPowerState), (16 bytes).
    Removing stm32f10x_sdio.o(i.SDIO_GetResponse), (24 bytes).
    Removing stm32f10x_sdio.o(i.SDIO_ITConfig), (32 bytes).
    Removing stm32f10x_sdio.o(i.SDIO_Init), (48 bytes).
    Removing stm32f10x_sdio.o(i.SDIO_ReadData), (12 bytes).
    Removing stm32f10x_sdio.o(i.SDIO_SendCEATACmd), (12 bytes).
    Removing stm32f10x_sdio.o(i.SDIO_SendCommand), (44 bytes).
    Removing stm32f10x_sdio.o(i.SDIO_SendSDIOSuspendCmd), (12 bytes).
    Removing stm32f10x_sdio.o(i.SDIO_SetPowerState), (28 bytes).
    Removing stm32f10x_sdio.o(i.SDIO_SetSDIOOperation), (12 bytes).
    Removing stm32f10x_sdio.o(i.SDIO_SetSDIOReadWaitMode), (12 bytes).
    Removing stm32f10x_sdio.o(i.SDIO_StartSDIOReadWait), (12 bytes).
    Removing stm32f10x_sdio.o(i.SDIO_StopSDIOReadWait), (12 bytes).
    Removing stm32f10x_sdio.o(i.SDIO_StructInit), (16 bytes).
    Removing stm32f10x_sdio.o(i.SDIO_WriteData), (12 bytes).
    Removing stm32f10x_spi.o(i.I2S_Cmd), (24 bytes).
    Removing stm32f10x_spi.o(i.I2S_Init), (232 bytes).
    Removing stm32f10x_spi.o(i.I2S_StructInit), (20 bytes).
    Removing stm32f10x_spi.o(i.SPI_BiDirectionalLineConfig), (28 bytes).
    Removing stm32f10x_spi.o(i.SPI_CalculateCRC), (24 bytes).
    Removing stm32f10x_spi.o(i.SPI_Cmd), (24 bytes).
    Removing stm32f10x_spi.o(i.SPI_DataSizeConfig), (18 bytes).
    Removing stm32f10x_spi.o(i.SPI_GetCRC), (16 bytes).
    Removing stm32f10x_spi.o(i.SPI_GetCRCPolynomial), (6 bytes).
    Removing stm32f10x_spi.o(i.SPI_I2S_ClearFlag), (6 bytes).
    Removing stm32f10x_spi.o(i.SPI_I2S_ClearITPendingBit), (20 bytes).
    Removing stm32f10x_spi.o(i.SPI_I2S_DMACmd), (18 bytes).
    Removing stm32f10x_spi.o(i.SPI_I2S_DeInit), (88 bytes).
    Removing stm32f10x_spi.o(i.SPI_I2S_GetFlagStatus), (18 bytes).
    Removing stm32f10x_spi.o(i.SPI_I2S_GetITStatus), (52 bytes).
    Removing stm32f10x_spi.o(i.SPI_I2S_ITConfig), (32 bytes).
    Removing stm32f10x_spi.o(i.SPI_I2S_ReceiveData), (6 bytes).
    Removing stm32f10x_spi.o(i.SPI_I2S_SendData), (4 bytes).
    Removing stm32f10x_spi.o(i.SPI_Init), (60 bytes).
    Removing stm32f10x_spi.o(i.SPI_NSSInternalSoftwareConfig), (30 bytes).
    Removing stm32f10x_spi.o(i.SPI_SSOutputCmd), (24 bytes).
    Removing stm32f10x_spi.o(i.SPI_StructInit), (24 bytes).
    Removing stm32f10x_spi.o(i.SPI_TransmitCRC), (10 bytes).
    Removing stm32f10x_tim.o(i.TI1_Config), (128 bytes).
    Removing stm32f10x_tim.o(i.TI2_Config), (152 bytes).
    Removing stm32f10x_tim.o(i.TI3_Config), (144 bytes).
    Removing stm32f10x_tim.o(i.TI4_Config), (152 bytes).
    Removing stm32f10x_tim.o(i.TIM_ARRPreloadConfig), (24 bytes).
    Removing stm32f10x_tim.o(i.TIM_BDTRConfig), (32 bytes).
    Removing stm32f10x_tim.o(i.TIM_BDTRStructInit), (18 bytes).
    Removing stm32f10x_tim.o(i.TIM_CCPreloadControl), (24 bytes).
    Removing stm32f10x_tim.o(i.TIM_CCxCmd), (30 bytes).
    Removing stm32f10x_tim.o(i.TIM_CCxNCmd), (30 bytes).
    Removing stm32f10x_tim.o(i.TIM_ClearOC1Ref), (18 bytes).
    Removing stm32f10x_tim.o(i.TIM_ClearOC2Ref), (24 bytes).
    Removing stm32f10x_tim.o(i.TIM_ClearOC3Ref), (18 bytes).
    Removing stm32f10x_tim.o(i.TIM_ClearOC4Ref), (24 bytes).
    Removing stm32f10x_tim.o(i.TIM_CounterModeConfig), (18 bytes).
    Removing stm32f10x_tim.o(i.TIM_CtrlPWMOutputs), (30 bytes).
    Removing stm32f10x_tim.o(i.TIM_DMACmd), (18 bytes).
    Removing stm32f10x_tim.o(i.TIM_DMAConfig), (10 bytes).
    Removing stm32f10x_tim.o(i.TIM_DeInit), (488 bytes).
    Removing stm32f10x_tim.o(i.TIM_ETRClockMode1Config), (54 bytes).
    Removing stm32f10x_tim.o(i.TIM_ETRClockMode2Config), (32 bytes).
    Removing stm32f10x_tim.o(i.TIM_ETRConfig), (28 bytes).
    Removing stm32f10x_tim.o(i.TIM_EncoderInterfaceConfig), (66 bytes).
    Removing stm32f10x_tim.o(i.TIM_ForcedOC1Config), (18 bytes).
    Removing stm32f10x_tim.o(i.TIM_ForcedOC2Config), (26 bytes).
    Removing stm32f10x_tim.o(i.TIM_ForcedOC3Config), (18 bytes).
    Removing stm32f10x_tim.o(i.TIM_ForcedOC4Config), (26 bytes).
    Removing stm32f10x_tim.o(i.TIM_GenerateEvent), (4 bytes).
    Removing stm32f10x_tim.o(i.TIM_GetCapture1), (6 bytes).
    Removing stm32f10x_tim.o(i.TIM_GetCapture2), (6 bytes).
    Removing stm32f10x_tim.o(i.TIM_GetCapture3), (6 bytes).
    Removing stm32f10x_tim.o(i.TIM_GetCapture4), (8 bytes).
    Removing stm32f10x_tim.o(i.TIM_GetCounter), (6 bytes).
    Removing stm32f10x_tim.o(i.TIM_GetITStatus), (34 bytes).
    Removing stm32f10x_tim.o(i.TIM_GetPrescaler), (6 bytes).
    Removing stm32f10x_tim.o(i.TIM_ICInit), (172 bytes).
    Removing stm32f10x_tim.o(i.TIM_ICStructInit), (18 bytes).
    Removing stm32f10x_tim.o(i.TIM_ITRxExternalClockConfig), (24 bytes).
    Removing stm32f10x_tim.o(i.TIM_OC1FastConfig), (18 bytes).
    Removing stm32f10x_tim.o(i.TIM_OC1Init), (152 bytes).
    Removing stm32f10x_tim.o(i.TIM_OC1NPolarityConfig), (18 bytes).
    Removing stm32f10x_tim.o(i.TIM_OC1PolarityConfig), (18 bytes).
    Removing stm32f10x_tim.o(i.TIM_OC1PreloadConfig), (18 bytes).
    Removing stm32f10x_tim.o(i.TIM_OC2FastConfig), (26 bytes).
    Removing stm32f10x_tim.o(i.TIM_OC2Init), (164 bytes).
    Removing stm32f10x_tim.o(i.TIM_OC2NPolarityConfig), (26 bytes).
    Removing stm32f10x_tim.o(i.TIM_OC2PolarityConfig), (26 bytes).
    Removing stm32f10x_tim.o(i.TIM_OC2PreloadConfig), (26 bytes).
    Removing stm32f10x_tim.o(i.TIM_OC3FastConfig), (18 bytes).
    Removing stm32f10x_tim.o(i.TIM_OC3Init), (160 bytes).
    Removing stm32f10x_tim.o(i.TIM_OC3NPolarityConfig), (26 bytes).
    Removing stm32f10x_tim.o(i.TIM_OC3PolarityConfig), (26 bytes).
    Removing stm32f10x_tim.o(i.TIM_OC3PreloadConfig), (18 bytes).
    Removing stm32f10x_tim.o(i.TIM_OC4FastConfig), (26 bytes).
    Removing stm32f10x_tim.o(i.TIM_OC4Init), (124 bytes).
    Removing stm32f10x_tim.o(i.TIM_OC4PolarityConfig), (26 bytes).
    Removing stm32f10x_tim.o(i.TIM_OC4PreloadConfig), (26 bytes).
    Removing stm32f10x_tim.o(i.TIM_OCStructInit), (20 bytes).
    Removing stm32f10x_tim.o(i.TIM_PWMIConfig), (124 bytes).
    Removing stm32f10x_tim.o(i.TIM_PrescalerConfig), (6 bytes).
    Removing stm32f10x_tim.o(i.TIM_SelectCCDMA), (24 bytes).
    Removing stm32f10x_tim.o(i.TIM_SelectCOM), (24 bytes).
    Removing stm32f10x_tim.o(i.TIM_SelectHallSensor), (24 bytes).
    Removing stm32f10x_tim.o(i.TIM_SelectInputTrigger), (18 bytes).
    Removing stm32f10x_tim.o(i.TIM_SelectMasterSlaveMode), (18 bytes).
    Removing stm32f10x_tim.o(i.TIM_SelectOCxM), (82 bytes).
    Removing stm32f10x_tim.o(i.TIM_SelectOnePulseMode), (18 bytes).
    Removing stm32f10x_tim.o(i.TIM_SelectSlaveMode), (18 bytes).
    Removing stm32f10x_tim.o(i.TIM_SetAutoreload), (4 bytes).
    Removing stm32f10x_tim.o(i.TIM_SetClockDivision), (18 bytes).
    Removing stm32f10x_tim.o(i.TIM_SetCompare1), (4 bytes).
    Removing stm32f10x_tim.o(i.TIM_SetCompare2), (4 bytes).
    Removing stm32f10x_tim.o(i.TIM_SetCompare3), (4 bytes).
    Removing stm32f10x_tim.o(i.TIM_SetCompare4), (6 bytes).
    Removing stm32f10x_tim.o(i.TIM_SetCounter), (4 bytes).
    Removing stm32f10x_tim.o(i.TIM_SetIC1Prescaler), (18 bytes).
    Removing stm32f10x_tim.o(i.TIM_SetIC2Prescaler), (26 bytes).
    Removing stm32f10x_tim.o(i.TIM_SetIC3Prescaler), (18 bytes).
    Removing stm32f10x_tim.o(i.TIM_SetIC4Prescaler), (26 bytes).
    Removing stm32f10x_tim.o(i.TIM_TIxExternalClockConfig), (62 bytes).
    Removing stm32f10x_tim.o(i.TIM_UpdateDisableConfig), (24 bytes).
    Removing stm32f10x_tim.o(i.TIM_UpdateRequestConfig), (24 bytes).
    Removing stm32f10x_usart.o(i.USART_ClearFlag), (18 bytes).
    Removing stm32f10x_usart.o(i.USART_ClearITPendingBit), (30 bytes).
    Removing stm32f10x_usart.o(i.USART_ClockInit), (34 bytes).
    Removing stm32f10x_usart.o(i.USART_ClockStructInit), (12 bytes).
    Removing stm32f10x_usart.o(i.USART_Cmd), (24 bytes).
    Removing stm32f10x_usart.o(i.USART_DMACmd), (18 bytes).
    Removing stm32f10x_usart.o(i.USART_DeInit), (156 bytes).
    Removing stm32f10x_usart.o(i.USART_GetFlagStatus), (26 bytes).
    Removing stm32f10x_usart.o(i.USART_GetITStatus), (84 bytes).
    Removing stm32f10x_usart.o(i.USART_HalfDuplexCmd), (24 bytes).
    Removing stm32f10x_usart.o(i.USART_ITConfig), (74 bytes).
    Removing stm32f10x_usart.o(i.USART_Init), (216 bytes).
    Removing stm32f10x_usart.o(i.USART_IrDACmd), (24 bytes).
    Removing stm32f10x_usart.o(i.USART_IrDAConfig), (18 bytes).
    Removing stm32f10x_usart.o(i.USART_LINBreakDetectLengthConfig), (18 bytes).
    Removing stm32f10x_usart.o(i.USART_LINCmd), (24 bytes).
    Removing stm32f10x_usart.o(i.USART_OneBitMethodCmd), (24 bytes).
    Removing stm32f10x_usart.o(i.USART_OverSampling8Cmd), (22 bytes).
    Removing stm32f10x_usart.o(i.USART_ReceiveData), (10 bytes).
    Removing stm32f10x_usart.o(i.USART_ReceiverWakeUpCmd), (24 bytes).
    Removing stm32f10x_usart.o(i.USART_SendBreak), (10 bytes).
    Removing stm32f10x_usart.o(i.USART_SendData), (8 bytes).
    Removing stm32f10x_usart.o(i.USART_SetAddress), (18 bytes).
    Removing stm32f10x_usart.o(i.USART_SetGuardTime), (16 bytes).
    Removing stm32f10x_usart.o(i.USART_SetPrescaler), (16 bytes).
    Removing stm32f10x_usart.o(i.USART_SmartCardCmd), (24 bytes).
    Removing stm32f10x_usart.o(i.USART_SmartCardNACKCmd), (24 bytes).
    Removing stm32f10x_usart.o(i.USART_StructInit), (24 bytes).
    Removing stm32f10x_usart.o(i.USART_WakeUpConfig), (18 bytes).
    Removing stm32f10x_wwdg.o(i.WWDG_ClearFlag), (12 bytes).
    Removing stm32f10x_wwdg.o(i.WWDG_DeInit), (22 bytes).
    Removing stm32f10x_wwdg.o(i.WWDG_Enable), (16 bytes).
    Removing stm32f10x_wwdg.o(i.WWDG_EnableIT), (12 bytes).
    Removing stm32f10x_wwdg.o(i.WWDG_GetFlagStatus), (12 bytes).
    Removing stm32f10x_wwdg.o(i.WWDG_SetCounter), (16 bytes).
    Removing stm32f10x_wwdg.o(i.WWDG_SetPrescaler), (24 bytes).
    Removing stm32f10x_wwdg.o(i.WWDG_SetWindowValue), (40 bytes).
    Removing core_cm3.o(.emb_text), (32 bytes).
    Removing system_stm32f10x.o(i.SystemCoreClockUpdate), (164 bytes).
    Removing system_stm32f10x.o(.data), (20 bytes).
    Removing startup_stm32f10x_hd.o(HEAP), (512 bytes).
    Removing menu.o(i.Fun_1), (136 bytes).
    Removing menu.o(i.Fun_10), (40 bytes).
    Removing menu.o(i.Fun_2), (136 bytes).
    Removing menu.o(i.Fun_3), (136 bytes).
    Removing menu.o(i.Fun_4), (136 bytes).
    Removing menu.o(i.Fun_5), (136 bytes).
    Removing menu.o(i.Fun_6), (180 bytes).
    Removing menu.o(i.Fun_7), (112 bytes).
    Removing menu.o(i.Fun_8), (128 bytes).
    Removing menu.o(i.Fun_9), (224 bytes).
    Removing menu.o(.data), (7 bytes).
    Removing delay.o(i.Delay_s), (24 bytes).
    Removing exti.o(i.EXTI_Init_model), (124 bytes).
    Removing tim.o(i.Time_CountInit), (168 bytes).
    Removing tim.o(i.Timer1_DeInit), (16 bytes).
    Removing tim.o(i.Timer1_Init), (216 bytes).
    Removing tim.o(i.Timer2_DeInit), (14 bytes).
    Removing tim.o(i.Timer2_Init), (118 bytes).
    Removing tim.o(i.Timer4_Init), (124 bytes).
    Removing tim.o(i.Timer_GetCounter), (12 bytes).
    Removing pwm.o(i.PWM_Init), (156 bytes).
    Removing pwm.o(i.PWM_SetCompare1), (16 bytes).
    Removing pwm.o(i.PWM_SetPrescaler), (18 bytes).
    Removing usart.o(i.Serial_Init), (180 bytes).
    Removing usart.o(i.Serial_Pow), (20 bytes).
    Removing usart.o(i.Serial_Printf), (36 bytes).
    Removing usart.o(i.Serial_SendArray), (26 bytes).
    Removing usart.o(i.Serial_SendByte), (32 bytes).
    Removing usart.o(i.Serial_SendNumber), (58 bytes).
    Removing usart.o(i.Serial_SendPacket), (2 bytes).
    Removing usart.o(i.Serial_SendString), (26 bytes).
    Removing usart.o(i.fputc), (36 bytes).
    Removing usart.o(.bss), (300 bytes).
    Removing usart.o(.data), (4 bytes).
    Removing sys.o(i.NVIC_Configuration), (12 bytes).
    Removing led.o(i.LED_All_Off), (20 bytes).
    Removing led.o(i.LED_All_On), (16 bytes).
    Removing led.o(i.LED_Ctrl), (192 bytes).
    Removing led.o(i.LED_Init), (48 bytes).
    Removing key.o(i.Key_Init), (76 bytes).
    Removing key.o(i.Keynum_Get), (324 bytes).
    Removing key.o(.data), (1 bytes).
    Removing iic.o(i.IIC_Ack), (56 bytes).
    Removing iic.o(i.IIC_NAck), (56 bytes).
    Removing iic.o(i.IIC_Read_Byte), (88 bytes).
    Removing oled.o(i.OLED_Display_Off), (28 bytes).
    Removing oled.o(i.OLED_Display_On), (28 bytes).
    Removing oled.o(i.OLED_DrawBMP), (120 bytes).
    Removing oled.o(i.OLED_DrawLine), (192 bytes).
    Removing oled.o(i.OLED_DrawRectangle), (74 bytes).
    Removing oled.o(i.OLED_Draw_Bigpoint), (80 bytes).
    Removing oled.o(i.OLED_Draw_Circle), (186 bytes).
    Removing oled.o(i.OLED_Draw_ellipse), (340 bytes).
    Removing oled.o(i.OLED_Draw_hline), (44 bytes).
    Removing oled.o(i.OLED_Draw_vline), (44 bytes).
    Removing oled.o(i.OLED_Fill), (54 bytes).
    Removing oled.o(i.OLED_Fill_circle), (186 bytes).
    Removing oled.o(i.OLED_Fill_rectangle), (52 bytes).
    Removing oled.o(i.OLED_Set_Pos), (46 bytes).
    Removing oled.o(i.OLED_ShowFontHZ), (236 bytes).
    Removing oled.o(i.OLED_ShowString), (94 bytes).
    Removing ic.o(i.IC_GetDuty), (36 bytes).
    Removing ic.o(i.IC_GetFreq), (24 bytes).
    Removing ic.o(i.PWM_DeICInit), (16 bytes).
    Removing ic.o(i.PWM_ICInit), (172 bytes).
    Removing encoder.o(i.Encoder_Get), (28 bytes).
    Removing encoder.o(i.Encoder_Init), (176 bytes).
    Removing ad.o(i.AD_DeInit), (16 bytes).
    Removing ad.o(i.AD_Init), (480 bytes).
    Removing ad.o(.data), (9 bytes).
    Removing lcd.o(i.Draw_Circle), (158 bytes).
    Removing lcd.o(i.LCD_DrawBigpoint), (80 bytes).
    Removing lcd.o(i.LCD_DrawLine), (172 bytes).
    Removing lcd.o(i.LCD_DrawPoint), (28 bytes).
    Removing lcd.o(i.LCD_DrawRectangle), (74 bytes).
    Removing lcd.o(i.LCD_Fill), (74 bytes).
    Removing lcd.o(i.LCD_ShowChar), (344 bytes).
    Removing lcd.o(i.LCD_ShowChinese), (140 bytes).
    Removing lcd.o(i.LCD_ShowChinese12x12), (328 bytes).
    Removing lcd.o(i.LCD_ShowChinese16x16), (312 bytes).
    Removing lcd.o(i.LCD_ShowChinese24x24), (328 bytes).
    Removing lcd.o(i.LCD_ShowChinese32x32), (312 bytes).
    Removing lcd.o(i.LCD_ShowFloatNum1), (164 bytes).
    Removing lcd.o(i.LCD_ShowIntNum), (264 bytes).
    Removing lcd.o(i.LCD_ShowPicture), (102 bytes).
    Removing lcd.o(i.LCD_ShowString), (66 bytes).
    Removing lcd.o(i.LCD_Show_Float), (152 bytes).
    Removing lcd.o(i.mypow), (22 bytes).
    Removing lcd.o(.constdata), (14824 bytes).
    Removing lcd_init.o(i.LCD_Address_Set), (66 bytes).
    Removing lcd_init.o(i.LCD_GPIO_Init), (52 bytes).
    Removing lcd_init.o(i.LCD_Init), (504 bytes).
    Removing lcd_init.o(i.LCD_WR_DATA), (18 bytes).
    Removing lcd_init.o(i.LCD_WR_DATA8), (12 bytes).
    Removing lcd_init.o(i.LCD_WR_REG), (32 bytes).
    Removing lcd_init.o(i.LCD_Writ_Bus), (84 bytes).
    Removing fadd.o(.text), (176 bytes).
    Removing ddiv.o(.text), (222 bytes).
    Removing dfixui.o(.text), (50 bytes).
    Removing f2d.o(.text), (38 bytes).
    Removing cfrcmple.o(.text), (20 bytes).
    Removing dadd.o(.text), (334 bytes).
    Removing dfixul.o(.text), (48 bytes).
    Removing cdrcmple.o(.text), (48 bytes).
    Removing dscalb.o(.text), (46 bytes).
    Removing dflti.o(.text), (34 bytes).
    Removing dfixi.o(.text), (62 bytes).

562 unused section(s) (total 45399 bytes) removed from the image.

==============================================================================

Image Symbol Table

    Local Symbols

    Symbol Name                              Value     Ov Type        Size  Object(Section)

    ../clib/microlib/division.c              0x00000000   Number         0  uidiv.o ABSOLUTE
    ../clib/microlib/division.c              0x00000000   Number         0  uldiv.o ABSOLUTE
    ../clib/microlib/errno.c                 0x00000000   Number         0  errno.o ABSOLUTE
    ../clib/microlib/init/entry.s            0x00000000   Number         0  entry7b.o ABSOLUTE
    ../clib/microlib/init/entry.s            0x00000000   Number         0  entry7a.o ABSOLUTE
    ../clib/microlib/init/entry.s            0x00000000   Number         0  entry5.o ABSOLUTE
    ../clib/microlib/init/entry.s            0x00000000   Number         0  entry2.o ABSOLUTE
    ../clib/microlib/init/entry.s            0x00000000   Number         0  entry9a.o ABSOLUTE
    ../clib/microlib/init/entry.s            0x00000000   Number         0  entry8b.o ABSOLUTE
    ../clib/microlib/init/entry.s            0x00000000   Number         0  entry11b.o ABSOLUTE
    ../clib/microlib/init/entry.s            0x00000000   Number         0  entry11a.o ABSOLUTE
    ../clib/microlib/init/entry.s            0x00000000   Number         0  entry10b.o ABSOLUTE
    ../clib/microlib/init/entry.s            0x00000000   Number         0  entry.o ABSOLUTE
    ../clib/microlib/init/entry.s            0x00000000   Number         0  entry10a.o ABSOLUTE
    ../clib/microlib/init/entry.s            0x00000000   Number         0  entry8a.o ABSOLUTE
    ../clib/microlib/init/entry.s            0x00000000   Number         0  entry9b.o ABSOLUTE
    ../clib/microlib/longlong.c              0x00000000   Number         0  llshl.o ABSOLUTE
    ../clib/microlib/longlong.c              0x00000000   Number         0  llsshr.o ABSOLUTE
    ../clib/microlib/longlong.c              0x00000000   Number         0  llushr.o ABSOLUTE
    ../clib/microlib/printf/printf.c         0x00000000   Number         0  printfb.o ABSOLUTE
    ../clib/microlib/printf/printf.c         0x00000000   Number         0  printf0.o ABSOLUTE
    ../clib/microlib/printf/printf.c         0x00000000   Number         0  printf1.o ABSOLUTE
    ../clib/microlib/printf/printf.c         0x00000000   Number         0  printf6.o ABSOLUTE
    ../clib/microlib/printf/printf.c         0x00000000   Number         0  printf3.o ABSOLUTE
    ../clib/microlib/printf/printf.c         0x00000000   Number         0  printf2.o ABSOLUTE
    ../clib/microlib/printf/printf.c         0x00000000   Number         0  printfa.o ABSOLUTE
    ../clib/microlib/printf/printf.c         0x00000000   Number         0  printf8.o ABSOLUTE
    ../clib/microlib/printf/printf.c         0x00000000   Number         0  printf5.o ABSOLUTE
    ../clib/microlib/printf/printf.c         0x00000000   Number         0  printf7.o ABSOLUTE
    ../clib/microlib/printf/printf.c         0x00000000   Number         0  printf4.o ABSOLUTE
    ../clib/microlib/printf/stubs.s          0x00000000   Number         0  stubs.o ABSOLUTE
    ../clib/microlib/stdio/streams.c         0x00000000   Number         0  stdout.o ABSOLUTE
    ../clib/microlib/stubs.s                 0x00000000   Number         0  iusefp.o ABSOLUTE
    ../fplib/microlib/d2f.c                  0x00000000   Number         0  d2f.o ABSOLUTE
    ../fplib/microlib/f2d.c                  0x00000000   Number         0  f2d.o ABSOLUTE
    ../fplib/microlib/fpadd.c                0x00000000   Number         0  fadd.o ABSOLUTE
    ../fplib/microlib/fpadd.c                0x00000000   Number         0  dadd.o ABSOLUTE
    ../fplib/microlib/fpdiv.c                0x00000000   Number         0  ddiv.o ABSOLUTE
    ../fplib/microlib/fpepilogue.c           0x00000000   Number         0  fepilogue.o ABSOLUTE
    ../fplib/microlib/fpepilogue.c           0x00000000   Number         0  depilogue.o ABSOLUTE
    ../fplib/microlib/fpfix.c                0x00000000   Number         0  dfixi.o ABSOLUTE
    ../fplib/microlib/fpfix.c                0x00000000   Number         0  ffixi.o ABSOLUTE
    ../fplib/microlib/fpfix.c                0x00000000   Number         0  ffixui.o ABSOLUTE
    ../fplib/microlib/fpfix.c                0x00000000   Number         0  dfixui.o ABSOLUTE
    ../fplib/microlib/fpfix.c                0x00000000   Number         0  dfixul.o ABSOLUTE
    ../fplib/microlib/fpflt.c                0x00000000   Number         0  ffltui.o ABSOLUTE
    ../fplib/microlib/fpflt.c                0x00000000   Number         0  dfltui.o ABSOLUTE
    ../fplib/microlib/fpflt.c                0x00000000   Number         0  dflti.o ABSOLUTE
    ../fplib/microlib/fpmul.c                0x00000000   Number         0  fmul.o ABSOLUTE
    ../fplib/microlib/fpmul.c                0x00000000   Number         0  dmul.o ABSOLUTE
    ../fplib/microlib/fpscalb.c              0x00000000   Number         0  dscalb.o ABSOLUTE
    ../mathlib/cos_i.c                       0x00000000   Number         0  cos_i.o ABSOLUTE
    ../mathlib/dunder.c                      0x00000000   Number         0  dunder.o ABSOLUTE
    ../mathlib/fpclassify.c                  0x00000000   Number         0  fpclassify.o ABSOLUTE
    ../mathlib/poly.c                        0x00000000   Number         0  poly.o ABSOLUTE
    ../mathlib/rred.c                        0x00000000   Number         0  rred.o ABSOLUTE
    ../mathlib/sin.c                         0x00000000   Number         0  sin_x.o ABSOLUTE
    ../mathlib/sin.c                         0x00000000   Number         0  sin.o ABSOLUTE
    ../mathlib/sin_i.c                       0x00000000   Number         0  sin_i.o ABSOLUTE
    ../mathlib/sin_i.c                       0x00000000   Number         0  sin_i_x.o ABSOLUTE
    Driver\DAC.c                             0x00000000   Number         0  dac.o ABSOLUTE
    Driver\Delay.c                           0x00000000   Number         0  delay.o ABSOLUTE
    Driver\EXTI.c                            0x00000000   Number         0  exti.o ABSOLUTE
    Driver\PWM.c                             0x00000000   Number         0  pwm.o ABSOLUTE
    Driver\TIM.c                             0x00000000   Number         0  tim.o ABSOLUTE
    Driver\sys.c                             0x00000000   Number         0  sys.o ABSOLUTE
    Driver\system.c                          0x00000000   Number         0  system.o ABSOLUTE
    Driver\usart.c                           0x00000000   Number         0  usart.o ABSOLUTE
    Hardware\AD.c                            0x00000000   Number         0  ad.o ABSOLUTE
    Hardware\Encoder.c                       0x00000000   Number         0  encoder.o ABSOLUTE
    Hardware\IC.c                            0x00000000   Number         0  ic.o ABSOLUTE
    Hardware\Key.c                           0x00000000   Number         0  key.o ABSOLUTE
    Hardware\LED.c                           0x00000000   Number         0  led.o ABSOLUTE
    Hardware\ds18b20.c                       0x00000000   Number         0  ds18b20.o ABSOLUTE
    Hardware\iic.c                           0x00000000   Number         0  iic.o ABSOLUTE
    Hardware\lcd.c                           0x00000000   Number         0  lcd.o ABSOLUTE
    Hardware\lcd_init.c                      0x00000000   Number         0  lcd_init.o ABSOLUTE
    Hardware\oled.c                          0x00000000   Number         0  oled.o ABSOLUTE
    Library\misc.c                           0x00000000   Number         0  misc.o ABSOLUTE
    Library\stm32f10x_adc.c                  0x00000000   Number         0  stm32f10x_adc.o ABSOLUTE
    Library\stm32f10x_bkp.c                  0x00000000   Number         0  stm32f10x_bkp.o ABSOLUTE
    Library\stm32f10x_can.c                  0x00000000   Number         0  stm32f10x_can.o ABSOLUTE
    Library\stm32f10x_cec.c                  0x00000000   Number         0  stm32f10x_cec.o ABSOLUTE
    Library\stm32f10x_crc.c                  0x00000000   Number         0  stm32f10x_crc.o ABSOLUTE
    Library\stm32f10x_dac.c                  0x00000000   Number         0  stm32f10x_dac.o ABSOLUTE
    Library\stm32f10x_dbgmcu.c               0x00000000   Number         0  stm32f10x_dbgmcu.o ABSOLUTE
    Library\stm32f10x_dma.c                  0x00000000   Number         0  stm32f10x_dma.o ABSOLUTE
    Library\stm32f10x_exti.c                 0x00000000   Number         0  stm32f10x_exti.o ABSOLUTE
    Library\stm32f10x_flash.c                0x00000000   Number         0  stm32f10x_flash.o ABSOLUTE
    Library\stm32f10x_fsmc.c                 0x00000000   Number         0  stm32f10x_fsmc.o ABSOLUTE
    Library\stm32f10x_gpio.c                 0x00000000   Number         0  stm32f10x_gpio.o ABSOLUTE
    Library\stm32f10x_i2c.c                  0x00000000   Number         0  stm32f10x_i2c.o ABSOLUTE
    Library\stm32f10x_iwdg.c                 0x00000000   Number         0  stm32f10x_iwdg.o ABSOLUTE
    Library\stm32f10x_pwr.c                  0x00000000   Number         0  stm32f10x_pwr.o ABSOLUTE
    Library\stm32f10x_rcc.c                  0x00000000   Number         0  stm32f10x_rcc.o ABSOLUTE
    Library\stm32f10x_rtc.c                  0x00000000   Number         0  stm32f10x_rtc.o ABSOLUTE
    Library\stm32f10x_sdio.c                 0x00000000   Number         0  stm32f10x_sdio.o ABSOLUTE
    Library\stm32f10x_spi.c                  0x00000000   Number         0  stm32f10x_spi.o ABSOLUTE
    Library\stm32f10x_tim.c                  0x00000000   Number         0  stm32f10x_tim.o ABSOLUTE
    Library\stm32f10x_usart.c                0x00000000   Number         0  stm32f10x_usart.o ABSOLUTE
    Library\stm32f10x_wwdg.c                 0x00000000   Number         0  stm32f10x_wwdg.o ABSOLUTE
    Start\\core_cm3.c                        0x00000000   Number         0  core_cm3.o ABSOLUTE
    Start\core_cm3.c                         0x00000000   Number         0  core_cm3.o ABSOLUTE
    Start\startup_stm32f10x_hd.s             0x00000000   Number         0  startup_stm32f10x_hd.o ABSOLUTE
    Start\system_stm32f10x.c                 0x00000000   Number         0  system_stm32f10x.o ABSOLUTE
    User\Menu.c                              0x00000000   Number         0  menu.o ABSOLUTE
    User\main.c                              0x00000000   Number         0  main.o ABSOLUTE
    User\stm32f10x_it.c                      0x00000000   Number         0  stm32f10x_it.o ABSOLUTE
    cdrcmple.s                               0x00000000   Number         0  cdrcmple.o ABSOLUTE
    cfrcmple.s                               0x00000000   Number         0  cfrcmple.o ABSOLUTE
    dc.s                                     0x00000000   Number         0  dc.o ABSOLUTE
    handlers.s                               0x00000000   Number         0  handlers.o ABSOLUTE
    init.s                                   0x00000000   Number         0  init.o ABSOLUTE
    RESET                                    0x08000000   Section      304  startup_stm32f10x_hd.o(RESET)
    .ARM.Collect$$$$00000000                 0x08000130   Section        0  entry.o(.ARM.Collect$$$$00000000)
    .ARM.Collect$$$$00000001                 0x08000130   Section        4  entry2.o(.ARM.Collect$$$$00000001)
    .ARM.Collect$$$$00000004                 0x08000134   Section        4  entry5.o(.ARM.Collect$$$$00000004)
    .ARM.Collect$$$$00000008                 0x08000138   Section        0  entry7b.o(.ARM.Collect$$$$00000008)
    .ARM.Collect$$$$0000000A                 0x08000138   Section        0  entry8b.o(.ARM.Collect$$$$0000000A)
    .ARM.Collect$$$$0000000B                 0x08000138   Section        8  entry9a.o(.ARM.Collect$$$$0000000B)
    .ARM.Collect$$$$0000000D                 0x08000140   Section        0  entry10a.o(.ARM.Collect$$$$0000000D)
    .ARM.Collect$$$$0000000F                 0x08000140   Section        0  entry11a.o(.ARM.Collect$$$$0000000F)
    .ARM.Collect$$$$00002712                 0x08000140   Section        4  entry2.o(.ARM.Collect$$$$00002712)
    __lit__00000000                          0x08000140   Data           4  entry2.o(.ARM.Collect$$$$00002712)
    .text                                    0x08000144   Section       36  startup_stm32f10x_hd.o(.text)
    .text                                    0x08000168   Section        0  fmul.o(.text)
    .text                                    0x080001cc   Section        0  dmul.o(.text)
    .text                                    0x080002b0   Section        0  ffltui.o(.text)
    .text                                    0x080002ba   Section        0  dfltui.o(.text)
    .text                                    0x080002d4   Section        0  ffixi.o(.text)
    .text                                    0x08000306   Section        0  ffixui.o(.text)
    .text                                    0x0800032e   Section        0  d2f.o(.text)
    .text                                    0x08000366   Section        0  llushr.o(.text)
    .text                                    0x08000386   Section        0  iusefp.o(.text)
    .text                                    0x08000386   Section        0  fepilogue.o(.text)
    .text                                    0x080003f4   Section        0  depilogue.o(.text)
    .text                                    0x080004b0   Section       36  init.o(.text)
    .text                                    0x080004d4   Section        0  llshl.o(.text)
    i.BusFault_Handler                       0x080004f2   Section        0  stm32f10x_it.o(i.BusFault_Handler)
    i.DAC1_Triangle_Wave                     0x080004f8   Section        0  dac.o(i.DAC1_Triangle_Wave)
    i.DACModel_Init                          0x08000570   Section        0  dac.o(i.DACModel_Init)
    i.DAC_Cmd                                0x0800066c   Section        0  stm32f10x_dac.o(i.DAC_Cmd)
    i.DAC_DMACmd                             0x08000694   Section        0  stm32f10x_dac.o(i.DAC_DMACmd)
    i.DAC_Init                               0x080006c0   Section        0  stm32f10x_dac.o(i.DAC_Init)
    i.DMA_Cmd                                0x080006f4   Section        0  stm32f10x_dma.o(i.DMA_Cmd)
    i.DMA_Init                               0x0800070c   Section        0  stm32f10x_dma.o(i.DMA_Init)
    i.DS18B20_Check                          0x08000748   Section        0  ds18b20.o(i.DS18B20_Check)
    i.DS18B20_GetTemperture                  0x08000798   Section        0  ds18b20.o(i.DS18B20_GetTemperture)
    i.DS18B20_IO_IN                          0x08000818   Section        0  ds18b20.o(i.DS18B20_IO_IN)
    i.DS18B20_IO_OUT                         0x08000838   Section        0  ds18b20.o(i.DS18B20_IO_OUT)
    i.DS18B20_Init                           0x0800085c   Section        0  ds18b20.o(i.DS18B20_Init)
    i.DS18B20_Read_Bit                       0x08000890   Section        0  ds18b20.o(i.DS18B20_Read_Bit)
    i.DS18B20_Read_Byte                      0x080008d4   Section        0  ds18b20.o(i.DS18B20_Read_Byte)
    i.DS18B20_Reset                          0x080008f8   Section        0  ds18b20.o(i.DS18B20_Reset)
    i.DS18B20_Start                          0x08000924   Section        0  ds18b20.o(i.DS18B20_Start)
    i.DS18B20_Write_Byte                     0x0800093c   Section        0  ds18b20.o(i.DS18B20_Write_Byte)
    i.DebugMon_Handler                       0x08000998   Section        0  stm32f10x_it.o(i.DebugMon_Handler)
    i.Delay_ms                               0x0800099a   Section        0  delay.o(i.Delay_ms)
    i.Delay_us                               0x080009b2   Section        0  delay.o(i.Delay_us)
    i.EXTI15_10_IRQHandler                   0x080009e0   Section        0  exti.o(i.EXTI15_10_IRQHandler)
    i.EXTI_ClearITPendingBit                 0x080009f8   Section        0  stm32f10x_exti.o(i.EXTI_ClearITPendingBit)
    i.EXTI_GetITStatus                       0x08000a04   Section        0  stm32f10x_exti.o(i.EXTI_GetITStatus)
    i.GPIO_Init                              0x08000a2c   Section        0  stm32f10x_gpio.o(i.GPIO_Init)
    i.HardFault_Handler                      0x08000b42   Section        0  stm32f10x_it.o(i.HardFault_Handler)
    i.IIC_Init                               0x08000b48   Section        0  iic.o(i.IIC_Init)
    i.IIC_Send_Byte                          0x08000b94   Section        0  iic.o(i.IIC_Send_Byte)
    i.IIC_Start                              0x08000bf8   Section        0  iic.o(i.IIC_Start)
    i.IIC_Stop                               0x08000c30   Section        0  iic.o(i.IIC_Stop)
    i.IIC_Wait_Ack                           0x08000c68   Section        0  iic.o(i.IIC_Wait_Ack)
    i.MemManage_Handler                      0x08000cb4   Section        0  stm32f10x_it.o(i.MemManage_Handler)
    i.NMI_Handler                            0x08000cb8   Section        0  stm32f10x_it.o(i.NMI_Handler)
    i.NVIC_Init                              0x08000cbc   Section        0  misc.o(i.NVIC_Init)
    i.NVIC_PriorityGroupConfig               0x08000d2c   Section        0  misc.o(i.NVIC_PriorityGroupConfig)
    i.OLED_Clear                             0x08000d40   Section        0  oled.o(i.OLED_Clear)
    i.OLED_DrawPoint                         0x08000d70   Section        0  oled.o(i.OLED_DrawPoint)
    i.OLED_Init                              0x08000dd8   Section        0  oled.o(i.OLED_Init)
    i.OLED_Refresh_Gram                      0x08000eb4   Section        0  oled.o(i.OLED_Refresh_Gram)
    i.OLED_ShowChar                          0x08000efc   Section        0  oled.o(i.OLED_ShowChar)
    i.OLED_ShowNum                           0x08001008   Section        0  oled.o(i.OLED_ShowNum)
    i.OLED_Show_Float                        0x0800109c   Section        0  oled.o(i.OLED_Show_Float)
    i.OLED_WR_Byte                           0x0800111a   Section        0  oled.o(i.OLED_WR_Byte)
    i.PendSV_Handler                         0x08001132   Section        0  stm32f10x_it.o(i.PendSV_Handler)
    i.RCC_AHBPeriphClockCmd                  0x08001134   Section        0  stm32f10x_rcc.o(i.RCC_AHBPeriphClockCmd)
    i.RCC_APB1PeriphClockCmd                 0x08001154   Section        0  stm32f10x_rcc.o(i.RCC_APB1PeriphClockCmd)
    i.RCC_APB2PeriphClockCmd                 0x08001174   Section        0  stm32f10x_rcc.o(i.RCC_APB2PeriphClockCmd)
    i.SDA_IN                                 0x08001194   Section        0  iic.o(i.SDA_IN)
    i.SDA_OUT                                0x080011b0   Section        0  iic.o(i.SDA_OUT)
    i.SVC_Handler                            0x080011d4   Section        0  stm32f10x_it.o(i.SVC_Handler)
    i.Send_Wendu                             0x080011d8   Section        0  main.o(i.Send_Wendu)
    i.SetSysClock                            0x0800128c   Section        0  system_stm32f10x.o(i.SetSysClock)
    SetSysClock                              0x0800128d   Thumb Code     8  system_stm32f10x.o(i.SetSysClock)
    i.SetSysClockTo72                        0x08001294   Section        0  system_stm32f10x.o(i.SetSysClockTo72)
    SetSysClockTo72                          0x08001295   Thumb Code   214  system_stm32f10x.o(i.SetSysClockTo72)
    i.SysTick_Handler                        0x08001374   Section        0  stm32f10x_it.o(i.SysTick_Handler)
    i.SystemInit                             0x08001378   Section        0  system_stm32f10x.o(i.SystemInit)
    i.TIM3_IRQHandler                        0x080013d8   Section        0  main.o(i.TIM3_IRQHandler)
    i.TIM_ClearFlag                          0x080013fc   Section        0  stm32f10x_tim.o(i.TIM_ClearFlag)
    i.TIM_ClearITPendingBit                  0x08001402   Section        0  stm32f10x_tim.o(i.TIM_ClearITPendingBit)
    i.TIM_Cmd                                0x08001408   Section        0  stm32f10x_tim.o(i.TIM_Cmd)
    i.TIM_GetFlagStatus                      0x08001420   Section        0  stm32f10x_tim.o(i.TIM_GetFlagStatus)
    i.TIM_ITConfig                           0x08001432   Section        0  stm32f10x_tim.o(i.TIM_ITConfig)
    i.TIM_InternalClockConfig                0x08001444   Section        0  stm32f10x_tim.o(i.TIM_InternalClockConfig)
    i.TIM_SelectOutputTrigger                0x08001450   Section        0  stm32f10x_tim.o(i.TIM_SelectOutputTrigger)
    i.TIM_TimeBaseInit                       0x08001464   Section        0  stm32f10x_tim.o(i.TIM_TimeBaseInit)
    i.TIM_TimeBaseStructInit                 0x08001508   Section        0  stm32f10x_tim.o(i.TIM_TimeBaseStructInit)
    i.Timer3_Init                            0x0800151c   Section        0  tim.o(i.Timer3_Init)
    i.UsageFault_Handler                     0x08001598   Section        0  stm32f10x_it.o(i.UsageFault_Handler)
    i.__scatterload_copy                     0x0800159c   Section       14  handlers.o(i.__scatterload_copy)
    i.__scatterload_null                     0x080015aa   Section        2  handlers.o(i.__scatterload_null)
    i.__scatterload_zeroinit                 0x080015ac   Section       14  handlers.o(i.__scatterload_zeroinit)
    i.main                                   0x080015bc   Section        0  main.o(i.main)
    i.oled_pow                               0x0800160c   Section        0  oled.o(i.oled_pow)
    i.write_iic_cmd                          0x08001622   Section        0  oled.o(i.write_iic_cmd)
    i.write_iic_data                         0x0800164e   Section        0  oled.o(i.write_iic_data)
    .constdata                               0x0800167a   Section     6144  oled.o(.constdata)
    .data                                    0x20000000   Section        8  main.o(.data)
    .bss                                     0x20000008   Section      256  dac.o(.bss)
    .bss                                     0x20000108   Section     1024  oled.o(.bss)
    STACK                                    0x20000508   Section     1024  startup_stm32f10x_hd.o(STACK)

    Global Symbols

    Symbol Name                              Value     Ov Type        Size  Object(Section)

    BuildAttributes$$THM_ISAv4$P$D$K$B$S$PE$A:L22UL41UL21$X:L11$S22US41US21$IEEE1$IW$USESV6$~STKCKD$USESV7$~SHL$OTIME$ROPI$IEEEX$EBA8$MICROLIB$REQ8$PRES8$EABIv2 0x00000000   Number         0  anon$$obj.o ABSOLUTE
    __ARM_use_no_argv                        0x00000000   Number         0  main.o ABSOLUTE
    _printf_a                                0x00000000   Number         0  stubs.o ABSOLUTE
    _printf_c                                0x00000000   Number         0  stubs.o ABSOLUTE
    _printf_charcount                        0x00000000   Number         0  stubs.o ABSOLUTE
    _printf_d                                0x00000000   Number         0  stubs.o ABSOLUTE
    _printf_e                                0x00000000   Number         0  stubs.o ABSOLUTE
    _printf_f                                0x00000000   Number         0  stubs.o ABSOLUTE
    _printf_flags                            0x00000000   Number         0  stubs.o ABSOLUTE
    _printf_fp_dec                           0x00000000   Number         0  stubs.o ABSOLUTE
    _printf_fp_hex                           0x00000000   Number         0  stubs.o ABSOLUTE
    _printf_g                                0x00000000   Number         0  stubs.o ABSOLUTE
    _printf_i                                0x00000000   Number         0  stubs.o ABSOLUTE
    _printf_int_dec                          0x00000000   Number         0  stubs.o ABSOLUTE
    _printf_l                                0x00000000   Number         0  stubs.o ABSOLUTE
    _printf_lc                               0x00000000   Number         0  stubs.o ABSOLUTE
    _printf_ll                               0x00000000   Number         0  stubs.o ABSOLUTE
    _printf_lld                              0x00000000   Number         0  stubs.o ABSOLUTE
    _printf_lli                              0x00000000   Number         0  stubs.o ABSOLUTE
    _printf_llo                              0x00000000   Number         0  stubs.o ABSOLUTE
    _printf_llu                              0x00000000   Number         0  stubs.o ABSOLUTE
    _printf_llx                              0x00000000   Number         0  stubs.o ABSOLUTE
    _printf_longlong_dec                     0x00000000   Number         0  stubs.o ABSOLUTE
    _printf_longlong_hex                     0x00000000   Number         0  stubs.o ABSOLUTE
    _printf_longlong_oct                     0x00000000   Number         0  stubs.o ABSOLUTE
    _printf_ls                               0x00000000   Number         0  stubs.o ABSOLUTE
    _printf_mbtowc                           0x00000000   Number         0  stubs.o ABSOLUTE
    _printf_n                                0x00000000   Number         0  stubs.o ABSOLUTE
    _printf_o                                0x00000000   Number         0  stubs.o ABSOLUTE
    _printf_p                                0x00000000   Number         0  stubs.o ABSOLUTE
    _printf_percent                          0x00000000   Number         0  stubs.o ABSOLUTE
    _printf_pre_padding                      0x00000000   Number         0  stubs.o ABSOLUTE
    _printf_return_value                     0x00000000   Number         0  stubs.o ABSOLUTE
    _printf_s                                0x00000000   Number         0  stubs.o ABSOLUTE
    _printf_sizespec                         0x00000000   Number         0  stubs.o ABSOLUTE
    _printf_str                              0x00000000   Number         0  stubs.o ABSOLUTE
    _printf_truncate_signed                  0x00000000   Number         0  stubs.o ABSOLUTE
    _printf_truncate_unsigned                0x00000000   Number         0  stubs.o ABSOLUTE
    _printf_u                                0x00000000   Number         0  stubs.o ABSOLUTE
    _printf_wc                               0x00000000   Number         0  stubs.o ABSOLUTE
    _printf_wctomb                           0x00000000   Number         0  stubs.o ABSOLUTE
    _printf_widthprec                        0x00000000   Number         0  stubs.o ABSOLUTE
    _printf_x                                0x00000000   Number         0  stubs.o ABSOLUTE
    __cpp_initialize__aeabi_                  - Undefined Weak Reference
    __cxa_finalize                            - Undefined Weak Reference
    __decompress                              - Undefined Weak Reference
    _clock_init                               - Undefined Weak Reference
    _microlib_exit                            - Undefined Weak Reference
    __Vectors_Size                           0x00000130   Number         0  startup_stm32f10x_hd.o ABSOLUTE
    __Vectors                                0x08000000   Data           4  startup_stm32f10x_hd.o(RESET)
    __Vectors_End                            0x08000130   Data           0  startup_stm32f10x_hd.o(RESET)
    __main                                   0x08000131   Thumb Code     0  entry.o(.ARM.Collect$$$$00000000)
    _main_stk                                0x08000131   Thumb Code     0  entry2.o(.ARM.Collect$$$$00000001)
    _main_scatterload                        0x08000135   Thumb Code     0  entry5.o(.ARM.Collect$$$$00000004)
    __main_after_scatterload                 0x08000139   Thumb Code     0  entry5.o(.ARM.Collect$$$$00000004)
    _main_clock                              0x08000139   Thumb Code     0  entry7b.o(.ARM.Collect$$$$00000008)
    _main_cpp_init                           0x08000139   Thumb Code     0  entry8b.o(.ARM.Collect$$$$0000000A)
    _main_init                               0x08000139   Thumb Code     0  entry9a.o(.ARM.Collect$$$$0000000B)
    __rt_final_cpp                           0x08000141   Thumb Code     0  entry10a.o(.ARM.Collect$$$$0000000D)
    __rt_final_exit                          0x08000141   Thumb Code     0  entry11a.o(.ARM.Collect$$$$0000000F)
    Reset_Handler                            0x08000145   Thumb Code     8  startup_stm32f10x_hd.o(.text)
    ADC1_2_IRQHandler                        0x0800015f   Thumb Code     0  startup_stm32f10x_hd.o(.text)
    ADC3_IRQHandler                          0x0800015f   Thumb Code     0  startup_stm32f10x_hd.o(.text)
    CAN1_RX1_IRQHandler                      0x0800015f   Thumb Code     0  startup_stm32f10x_hd.o(.text)
    CAN1_SCE_IRQHandler                      0x0800015f   Thumb Code     0  startup_stm32f10x_hd.o(.text)
    DMA1_Channel1_IRQHandler                 0x0800015f   Thumb Code     0  startup_stm32f10x_hd.o(.text)
    DMA1_Channel2_IRQHandler                 0x0800015f   Thumb Code     0  startup_stm32f10x_hd.o(.text)
    DMA1_Channel3_IRQHandler                 0x0800015f   Thumb Code     0  startup_stm32f10x_hd.o(.text)
    DMA1_Channel4_IRQHandler                 0x0800015f   Thumb Code     0  startup_stm32f10x_hd.o(.text)
    DMA1_Channel5_IRQHandler                 0x0800015f   Thumb Code     0  startup_stm32f10x_hd.o(.text)
    DMA1_Channel6_IRQHandler                 0x0800015f   Thumb Code     0  startup_stm32f10x_hd.o(.text)
    DMA1_Channel7_IRQHandler                 0x0800015f   Thumb Code     0  startup_stm32f10x_hd.o(.text)
    DMA2_Channel1_IRQHandler                 0x0800015f   Thumb Code     0  startup_stm32f10x_hd.o(.text)
    DMA2_Channel2_IRQHandler                 0x0800015f   Thumb Code     0  startup_stm32f10x_hd.o(.text)
    DMA2_Channel3_IRQHandler                 0x0800015f   Thumb Code     0  startup_stm32f10x_hd.o(.text)
    DMA2_Channel4_5_IRQHandler               0x0800015f   Thumb Code     0  startup_stm32f10x_hd.o(.text)
    EXTI0_IRQHandler                         0x0800015f   Thumb Code     0  startup_stm32f10x_hd.o(.text)
    EXTI1_IRQHandler                         0x0800015f   Thumb Code     0  startup_stm32f10x_hd.o(.text)
    EXTI2_IRQHandler                         0x0800015f   Thumb Code     0  startup_stm32f10x_hd.o(.text)
    EXTI3_IRQHandler                         0x0800015f   Thumb Code     0  startup_stm32f10x_hd.o(.text)
    EXTI4_IRQHandler                         0x0800015f   Thumb Code     0  startup_stm32f10x_hd.o(.text)
    EXTI9_5_IRQHandler                       0x0800015f   Thumb Code     0  startup_stm32f10x_hd.o(.text)
    FLASH_IRQHandler                         0x0800015f   Thumb Code     0  startup_stm32f10x_hd.o(.text)
    FSMC_IRQHandler                          0x0800015f   Thumb Code     0  startup_stm32f10x_hd.o(.text)
    I2C1_ER_IRQHandler                       0x0800015f   Thumb Code     0  startup_stm32f10x_hd.o(.text)
    I2C1_EV_IRQHandler                       0x0800015f   Thumb Code     0  startup_stm32f10x_hd.o(.text)
    I2C2_ER_IRQHandler                       0x0800015f   Thumb Code     0  startup_stm32f10x_hd.o(.text)
    I2C2_EV_IRQHandler                       0x0800015f   Thumb Code     0  startup_stm32f10x_hd.o(.text)
    PVD_IRQHandler                           0x0800015f   Thumb Code     0  startup_stm32f10x_hd.o(.text)
    RCC_IRQHandler                           0x0800015f   Thumb Code     0  startup_stm32f10x_hd.o(.text)
    RTCAlarm_IRQHandler                      0x0800015f   Thumb Code     0  startup_stm32f10x_hd.o(.text)
    RTC_IRQHandler                           0x0800015f   Thumb Code     0  startup_stm32f10x_hd.o(.text)
    SDIO_IRQHandler                          0x0800015f   Thumb Code     0  startup_stm32f10x_hd.o(.text)
    SPI1_IRQHandler                          0x0800015f   Thumb Code     0  startup_stm32f10x_hd.o(.text)
    SPI2_IRQHandler                          0x0800015f   Thumb Code     0  startup_stm32f10x_hd.o(.text)
    SPI3_IRQHandler                          0x0800015f   Thumb Code     0  startup_stm32f10x_hd.o(.text)
    TAMPER_IRQHandler                        0x0800015f   Thumb Code     0  startup_stm32f10x_hd.o(.text)
    TIM1_BRK_IRQHandler                      0x0800015f   Thumb Code     0  startup_stm32f10x_hd.o(.text)
    TIM1_CC_IRQHandler                       0x0800015f   Thumb Code     0  startup_stm32f10x_hd.o(.text)
    TIM1_TRG_COM_IRQHandler                  0x0800015f   Thumb Code     0  startup_stm32f10x_hd.o(.text)
    TIM1_UP_IRQHandler                       0x0800015f   Thumb Code     0  startup_stm32f10x_hd.o(.text)
    TIM2_IRQHandler                          0x0800015f   Thumb Code     0  startup_stm32f10x_hd.o(.text)
    TIM4_IRQHandler                          0x0800015f   Thumb Code     0  startup_stm32f10x_hd.o(.text)
    TIM5_IRQHandler                          0x0800015f   Thumb Code     0  startup_stm32f10x_hd.o(.text)
    TIM6_IRQHandler                          0x0800015f   Thumb Code     0  startup_stm32f10x_hd.o(.text)
    TIM7_IRQHandler                          0x0800015f   Thumb Code     0  startup_stm32f10x_hd.o(.text)
    TIM8_BRK_IRQHandler                      0x0800015f   Thumb Code     0  startup_stm32f10x_hd.o(.text)
    TIM8_CC_IRQHandler                       0x0800015f   Thumb Code     0  startup_stm32f10x_hd.o(.text)
    TIM8_TRG_COM_IRQHandler                  0x0800015f   Thumb Code     0  startup_stm32f10x_hd.o(.text)
    TIM8_UP_IRQHandler                       0x0800015f   Thumb Code     0  startup_stm32f10x_hd.o(.text)
    UART4_IRQHandler                         0x0800015f   Thumb Code     0  startup_stm32f10x_hd.o(.text)
    UART5_IRQHandler                         0x0800015f   Thumb Code     0  startup_stm32f10x_hd.o(.text)
    USART1_IRQHandler                        0x0800015f   Thumb Code     0  startup_stm32f10x_hd.o(.text)
    USART2_IRQHandler                        0x0800015f   Thumb Code     0  startup_stm32f10x_hd.o(.text)
    USART3_IRQHandler                        0x0800015f   Thumb Code     0  startup_stm32f10x_hd.o(.text)
    USBWakeUp_IRQHandler                     0x0800015f   Thumb Code     0  startup_stm32f10x_hd.o(.text)
    USB_HP_CAN1_TX_IRQHandler                0x0800015f   Thumb Code     0  startup_stm32f10x_hd.o(.text)
    USB_LP_CAN1_RX0_IRQHandler               0x0800015f   Thumb Code     0  startup_stm32f10x_hd.o(.text)
    WWDG_IRQHandler                          0x0800015f   Thumb Code     0  startup_stm32f10x_hd.o(.text)
    __aeabi_fmul                             0x08000169   Thumb Code   100  fmul.o(.text)
    __aeabi_dmul                             0x080001cd   Thumb Code   228  dmul.o(.text)
    __aeabi_ui2f                             0x080002b1   Thumb Code    10  ffltui.o(.text)
    __aeabi_ui2d                             0x080002bb   Thumb Code    26  dfltui.o(.text)
    __aeabi_f2iz                             0x080002d5   Thumb Code    50  ffixi.o(.text)
    __aeabi_f2uiz                            0x08000307   Thumb Code    40  ffixui.o(.text)
    __aeabi_d2f                              0x0800032f   Thumb Code    56  d2f.o(.text)
    __aeabi_llsr                             0x08000367   Thumb Code    32  llushr.o(.text)
    _ll_ushift_r                             0x08000367   Thumb Code     0  llushr.o(.text)
    __I$use$fp                               0x08000387   Thumb Code     0  iusefp.o(.text)
    _float_round                             0x08000387   Thumb Code    18  fepilogue.o(.text)
    _float_epilogue                          0x08000399   Thumb Code    92  fepilogue.o(.text)
    _double_round                            0x080003f5   Thumb Code    30  depilogue.o(.text)
    _double_epilogue                         0x08000413   Thumb Code   156  depilogue.o(.text)
    __scatterload                            0x080004b1   Thumb Code    28  init.o(.text)
    __scatterload_rt2                        0x080004b1   Thumb Code     0  init.o(.text)
    __aeabi_llsl                             0x080004d5   Thumb Code    30  llshl.o(.text)
    _ll_shift_l                              0x080004d5   Thumb Code     0  llshl.o(.text)
    BusFault_Handler                         0x080004f3   Thumb Code     4  stm32f10x_it.o(i.BusFault_Handler)
    DAC1_Triangle_Wave                       0x080004f9   Thumb Code   110  dac.o(i.DAC1_Triangle_Wave)
    DACModel_Init                            0x08000571   Thumb Code   230  dac.o(i.DACModel_Init)
    DAC_Cmd                                  0x0800066d   Thumb Code    34  stm32f10x_dac.o(i.DAC_Cmd)
    DAC_DMACmd                               0x08000695   Thumb Code    38  stm32f10x_dac.o(i.DAC_DMACmd)
    DAC_Init                                 0x080006c1   Thumb Code    46  stm32f10x_dac.o(i.DAC_Init)
    DMA_Cmd                                  0x080006f5   Thumb Code    24  stm32f10x_dma.o(i.DMA_Cmd)
    DMA_Init                                 0x0800070d   Thumb Code    60  stm32f10x_dma.o(i.DMA_Init)
    DS18B20_Check                            0x08000749   Thumb Code    74  ds18b20.o(i.DS18B20_Check)
    DS18B20_GetTemperture                    0x08000799   Thumb Code   120  ds18b20.o(i.DS18B20_GetTemperture)
    DS18B20_IO_IN                            0x08000819   Thumb Code    26  ds18b20.o(i.DS18B20_IO_IN)
    DS18B20_IO_OUT                           0x08000839   Thumb Code    32  ds18b20.o(i.DS18B20_IO_OUT)
    DS18B20_Init                             0x0800085d   Thumb Code    48  ds18b20.o(i.DS18B20_Init)
    DS18B20_Read_Bit                         0x08000891   Thumb Code    60  ds18b20.o(i.DS18B20_Read_Bit)
    DS18B20_Read_Byte                        0x080008d5   Thumb Code    34  ds18b20.o(i.DS18B20_Read_Byte)
    DS18B20_Reset                            0x080008f9   Thumb Code    36  ds18b20.o(i.DS18B20_Reset)
    DS18B20_Start                            0x08000925   Thumb Code    24  ds18b20.o(i.DS18B20_Start)
    DS18B20_Write_Byte                       0x0800093d   Thumb Code    84  ds18b20.o(i.DS18B20_Write_Byte)
    DebugMon_Handler                         0x08000999   Thumb Code     2  stm32f10x_it.o(i.DebugMon_Handler)
    Delay_ms                                 0x0800099b   Thumb Code    24  delay.o(i.Delay_ms)
    Delay_us                                 0x080009b3   Thumb Code    46  delay.o(i.Delay_us)
    EXTI15_10_IRQHandler                     0x080009e1   Thumb Code    22  exti.o(i.EXTI15_10_IRQHandler)
    EXTI_ClearITPendingBit                   0x080009f9   Thumb Code     6  stm32f10x_exti.o(i.EXTI_ClearITPendingBit)
    EXTI_GetITStatus                         0x08000a05   Thumb Code    34  stm32f10x_exti.o(i.EXTI_GetITStatus)
    GPIO_Init                                0x08000a2d   Thumb Code   278  stm32f10x_gpio.o(i.GPIO_Init)
    HardFault_Handler                        0x08000b43   Thumb Code     4  stm32f10x_it.o(i.HardFault_Handler)
    IIC_Init                                 0x08000b49   Thumb Code    64  iic.o(i.IIC_Init)
    IIC_Send_Byte                            0x08000b95   Thumb Code    90  iic.o(i.IIC_Send_Byte)
    IIC_Start                                0x08000bf9   Thumb Code    46  iic.o(i.IIC_Start)
    IIC_Stop                                 0x08000c31   Thumb Code    46  iic.o(i.IIC_Stop)
    IIC_Wait_Ack                             0x08000c69   Thumb Code    68  iic.o(i.IIC_Wait_Ack)
    MemManage_Handler                        0x08000cb5   Thumb Code     4  stm32f10x_it.o(i.MemManage_Handler)
    NMI_Handler                              0x08000cb9   Thumb Code     2  stm32f10x_it.o(i.NMI_Handler)
    NVIC_Init                                0x08000cbd   Thumb Code   100  misc.o(i.NVIC_Init)
    NVIC_PriorityGroupConfig                 0x08000d2d   Thumb Code    10  misc.o(i.NVIC_PriorityGroupConfig)
    OLED_Clear                               0x08000d41   Thumb Code    42  oled.o(i.OLED_Clear)
    OLED_DrawPoint                           0x08000d71   Thumb Code   100  oled.o(i.OLED_DrawPoint)
    OLED_Init                                0x08000dd9   Thumb Code   220  oled.o(i.OLED_Init)
    OLED_Refresh_Gram                        0x08000eb5   Thumb Code    66  oled.o(i.OLED_Refresh_Gram)
    OLED_ShowChar                            0x08000efd   Thumb Code   254  oled.o(i.OLED_ShowChar)
    OLED_ShowNum                             0x08001009   Thumb Code   148  oled.o(i.OLED_ShowNum)
    OLED_Show_Float                          0x0800109d   Thumb Code   126  oled.o(i.OLED_Show_Float)
    OLED_WR_Byte                             0x0800111b   Thumb Code    24  oled.o(i.OLED_WR_Byte)
    PendSV_Handler                           0x08001133   Thumb Code     2  stm32f10x_it.o(i.PendSV_Handler)
    RCC_AHBPeriphClockCmd                    0x08001135   Thumb Code    26  stm32f10x_rcc.o(i.RCC_AHBPeriphClockCmd)
    RCC_APB1PeriphClockCmd                   0x08001155   Thumb Code    26  stm32f10x_rcc.o(i.RCC_APB1PeriphClockCmd)
    RCC_APB2PeriphClockCmd                   0x08001175   Thumb Code    26  stm32f10x_rcc.o(i.RCC_APB2PeriphClockCmd)
    SDA_IN                                   0x08001195   Thumb Code    24  iic.o(i.SDA_IN)
    SDA_OUT                                  0x080011b1   Thumb Code    30  iic.o(i.SDA_OUT)
    SVC_Handler                              0x080011d5   Thumb Code     2  stm32f10x_it.o(i.SVC_Handler)
    Send_Wendu                               0x080011d9   Thumb Code   172  main.o(i.Send_Wendu)
    SysTick_Handler                          0x08001375   Thumb Code     2  stm32f10x_it.o(i.SysTick_Handler)
    SystemInit                               0x08001379   Thumb Code    78  system_stm32f10x.o(i.SystemInit)
    TIM3_IRQHandler                          0x080013d9   Thumb Code    28  main.o(i.TIM3_IRQHandler)
    TIM_ClearFlag                            0x080013fd   Thumb Code     6  stm32f10x_tim.o(i.TIM_ClearFlag)
    TIM_ClearITPendingBit                    0x08001403   Thumb Code     6  stm32f10x_tim.o(i.TIM_ClearITPendingBit)
    TIM_Cmd                                  0x08001409   Thumb Code    24  stm32f10x_tim.o(i.TIM_Cmd)
    TIM_GetFlagStatus                        0x08001421   Thumb Code    18  stm32f10x_tim.o(i.TIM_GetFlagStatus)
    TIM_ITConfig                             0x08001433   Thumb Code    18  stm32f10x_tim.o(i.TIM_ITConfig)
    TIM_InternalClockConfig                  0x08001445   Thumb Code    12  stm32f10x_tim.o(i.TIM_InternalClockConfig)
    TIM_SelectOutputTrigger                  0x08001451   Thumb Code    18  stm32f10x_tim.o(i.TIM_SelectOutputTrigger)
    TIM_TimeBaseInit                         0x08001465   Thumb Code   122  stm32f10x_tim.o(i.TIM_TimeBaseInit)
    TIM_TimeBaseStructInit                   0x08001509   Thumb Code    18  stm32f10x_tim.o(i.TIM_TimeBaseStructInit)
    Timer3_Init                              0x0800151d   Thumb Code   118  tim.o(i.Timer3_Init)
    UsageFault_Handler                       0x08001599   Thumb Code     4  stm32f10x_it.o(i.UsageFault_Handler)
    __scatterload_copy                       0x0800159d   Thumb Code    14  handlers.o(i.__scatterload_copy)
    __scatterload_null                       0x080015ab   Thumb Code     2  handlers.o(i.__scatterload_null)
    __scatterload_zeroinit                   0x080015ad   Thumb Code    14  handlers.o(i.__scatterload_zeroinit)
    main                                     0x080015bd   Thumb Code    72  main.o(i.main)
    oled_pow                                 0x0800160d   Thumb Code    22  oled.o(i.oled_pow)
    write_iic_cmd                            0x08001623   Thumb Code    44  oled.o(i.write_iic_cmd)
    write_iic_data                           0x0800164f   Thumb Code    44  oled.o(i.write_iic_data)
    OLED_ascii_1206                          0x0800167a   Data        1140  oled.o(.constdata)
    OLED_ascii_1608                          0x08001aee   Data        1520  oled.o(.constdata)
    OLED_ascii_2412                          0x080020de   Data        3420  oled.o(.constdata)
    FontHzk                                  0x08002e3a   Data          64  oled.o(.constdata)
    Region$$Table$$Base                      0x08002e7c   Number         0  anon$$obj.o(Region$$Table)
    Region$$Table$$Limit                     0x08002e9c   Number         0  anon$$obj.o(Region$$Table)
    SendFlag                                 0x20000000   Data           1  main.o(.data)
    wendu                                    0x20000004   Data           4  main.o(.data)
    g_Wave1                                  0x20000008   Data         256  dac.o(.bss)
    OLED_GRAM                                0x20000108   Data        1024  oled.o(.bss)
    __initial_sp                             0x20000908   Data           0  startup_stm32f10x_hd.o(STACK)



==============================================================================

Memory Map of the image

  Image Entry point : 0x08000131

  Load Region LR_IROM1 (Base: 0x08000000, Size: 0x00002ea4, Max: 0x00040000, ABSOLUTE)

    Execution Region ER_IROM1 (Exec base: 0x08000000, Load base: 0x08000000, Size: 0x00002e9c, Max: 0x00040000, ABSOLUTE)

    Exec Addr    Load Addr    Size         Type   Attr      Idx    E Section Name        Object

    0x08000000   0x08000000   0x00000130   Data   RO         3191    RESET               startup_stm32f10x_hd.o
    0x08000130   0x08000130   0x00000000   Code   RO         4381  * .ARM.Collect$$$$00000000  mc_w.l(entry.o)
    0x08000130   0x08000130   0x00000004   Code   RO         4697    .ARM.Collect$$$$00000001  mc_w.l(entry2.o)
    0x08000134   0x08000134   0x00000004   Code   RO         4700    .ARM.Collect$$$$00000004  mc_w.l(entry5.o)
    0x08000138   0x08000138   0x00000000   Code   RO         4702    .ARM.Collect$$$$00000008  mc_w.l(entry7b.o)
    0x08000138   0x08000138   0x00000000   Code   RO         4704    .ARM.Collect$$$$0000000A  mc_w.l(entry8b.o)
    0x08000138   0x08000138   0x00000008   Code   RO         4705    .ARM.Collect$$$$0000000B  mc_w.l(entry9a.o)
    0x08000140   0x08000140   0x00000000   Code   RO         4707    .ARM.Collect$$$$0000000D  mc_w.l(entry10a.o)
    0x08000140   0x08000140   0x00000000   Code   RO         4709    .ARM.Collect$$$$0000000F  mc_w.l(entry11a.o)
    0x08000140   0x08000140   0x00000004   Code   RO         4698    .ARM.Collect$$$$00002712  mc_w.l(entry2.o)
    0x08000144   0x08000144   0x00000024   Code   RO         3192    .text               startup_stm32f10x_hd.o
    0x08000168   0x08000168   0x00000064   Code   RO         4647    .text               mf_w.l(fmul.o)
    0x080001cc   0x080001cc   0x000000e4   Code   RO         4649    .text               mf_w.l(dmul.o)
    0x080002b0   0x080002b0   0x0000000a   Code   RO         4653    .text               mf_w.l(ffltui.o)
    0x080002ba   0x080002ba   0x0000001a   Code   RO         4655    .text               mf_w.l(dfltui.o)
    0x080002d4   0x080002d4   0x00000032   Code   RO         4657    .text               mf_w.l(ffixi.o)
    0x08000306   0x08000306   0x00000028   Code   RO         4659    .text               mf_w.l(ffixui.o)
    0x0800032e   0x0800032e   0x00000038   Code   RO         4665    .text               mf_w.l(d2f.o)
    0x08000366   0x08000366   0x00000020   Code   RO         4716    .text               mc_w.l(llushr.o)
    0x08000386   0x08000386   0x00000000   Code   RO         4725    .text               mc_w.l(iusefp.o)
    0x08000386   0x08000386   0x0000006e   Code   RO         4726    .text               mf_w.l(fepilogue.o)
    0x080003f4   0x080003f4   0x000000ba   Code   RO         4728    .text               mf_w.l(depilogue.o)
    0x080004ae   0x080004ae   0x00000002   PAD
    0x080004b0   0x080004b0   0x00000024   Code   RO         4740    .text               mc_w.l(init.o)
    0x080004d4   0x080004d4   0x0000001e   Code   RO         4742    .text               mc_w.l(llshl.o)
    0x080004f2   0x080004f2   0x00000004   Code   RO         3365    i.BusFault_Handler  stm32f10x_it.o
    0x080004f6   0x080004f6   0x00000002   PAD
    0x080004f8   0x080004f8   0x00000078   Code   RO         3732    i.DAC1_Triangle_Wave  dac.o
    0x08000570   0x08000570   0x000000fc   Code   RO         3733    i.DACModel_Init     dac.o
    0x0800066c   0x0800066c   0x00000028   Code   RO          730    i.DAC_Cmd           stm32f10x_dac.o
    0x08000694   0x08000694   0x0000002c   Code   RO          731    i.DAC_DMACmd        stm32f10x_dac.o
    0x080006c0   0x080006c0   0x00000034   Code   RO          735    i.DAC_Init          stm32f10x_dac.o
    0x080006f4   0x080006f4   0x00000018   Code   RO          840    i.DMA_Cmd           stm32f10x_dma.o
    0x0800070c   0x0800070c   0x0000003c   Code   RO          846    i.DMA_Init          stm32f10x_dma.o
    0x08000748   0x08000748   0x00000050   Code   RO         4127    i.DS18B20_Check     ds18b20.o
    0x08000798   0x08000798   0x00000080   Code   RO         4128    i.DS18B20_GetTemperture  ds18b20.o
    0x08000818   0x08000818   0x00000020   Code   RO         4129    i.DS18B20_IO_IN     ds18b20.o
    0x08000838   0x08000838   0x00000024   Code   RO         4130    i.DS18B20_IO_OUT    ds18b20.o
    0x0800085c   0x0800085c   0x00000034   Code   RO         4131    i.DS18B20_Init      ds18b20.o
    0x08000890   0x08000890   0x00000044   Code   RO         4132    i.DS18B20_Read_Bit  ds18b20.o
    0x080008d4   0x080008d4   0x00000022   Code   RO         4133    i.DS18B20_Read_Byte  ds18b20.o
    0x080008f6   0x080008f6   0x00000002   PAD
    0x080008f8   0x080008f8   0x0000002c   Code   RO         4134    i.DS18B20_Reset     ds18b20.o
    0x08000924   0x08000924   0x00000018   Code   RO         4135    i.DS18B20_Start     ds18b20.o
    0x0800093c   0x0800093c   0x0000005c   Code   RO         4136    i.DS18B20_Write_Byte  ds18b20.o
    0x08000998   0x08000998   0x00000002   Code   RO         3366    i.DebugMon_Handler  stm32f10x_it.o
    0x0800099a   0x0800099a   0x00000018   Code   RO         3520    i.Delay_ms          delay.o
    0x080009b2   0x080009b2   0x0000002e   Code   RO         3522    i.Delay_us          delay.o
    0x080009e0   0x080009e0   0x00000016   Code   RO         3544    i.EXTI15_10_IRQHandler  exti.o
    0x080009f6   0x080009f6   0x00000002   PAD
    0x080009f8   0x080009f8   0x0000000c   Code   RO          914    i.EXTI_ClearITPendingBit  stm32f10x_exti.o
    0x08000a04   0x08000a04   0x00000028   Code   RO          918    i.EXTI_GetITStatus  stm32f10x_exti.o
    0x08000a2c   0x08000a2c   0x00000116   Code   RO         1276    i.GPIO_Init         stm32f10x_gpio.o
    0x08000b42   0x08000b42   0x00000004   Code   RO         3367    i.HardFault_Handler  stm32f10x_it.o
    0x08000b46   0x08000b46   0x00000002   PAD
    0x08000b48   0x08000b48   0x0000004c   Code   RO         3812    i.IIC_Init          iic.o
    0x08000b94   0x08000b94   0x00000064   Code   RO         3815    i.IIC_Send_Byte     iic.o
    0x08000bf8   0x08000bf8   0x00000038   Code   RO         3816    i.IIC_Start         iic.o
    0x08000c30   0x08000c30   0x00000038   Code   RO         3817    i.IIC_Stop          iic.o
    0x08000c68   0x08000c68   0x0000004c   Code   RO         3818    i.IIC_Wait_Ack      iic.o
    0x08000cb4   0x08000cb4   0x00000004   Code   RO         3368    i.MemManage_Handler  stm32f10x_it.o
    0x08000cb8   0x08000cb8   0x00000002   Code   RO         3369    i.NMI_Handler       stm32f10x_it.o
    0x08000cba   0x08000cba   0x00000002   PAD
    0x08000cbc   0x08000cbc   0x00000070   Code   RO            1    i.NVIC_Init         misc.o
    0x08000d2c   0x08000d2c   0x00000014   Code   RO            2    i.NVIC_PriorityGroupConfig  misc.o
    0x08000d40   0x08000d40   0x00000030   Code   RO         3880    i.OLED_Clear        oled.o
    0x08000d70   0x08000d70   0x00000068   Code   RO         3885    i.OLED_DrawPoint    oled.o
    0x08000dd8   0x08000dd8   0x000000dc   Code   RO         3895    i.OLED_Init         oled.o
    0x08000eb4   0x08000eb4   0x00000048   Code   RO         3896    i.OLED_Refresh_Gram  oled.o
    0x08000efc   0x08000efc   0x0000010c   Code   RO         3898    i.OLED_ShowChar     oled.o
    0x08001008   0x08001008   0x00000094   Code   RO         3900    i.OLED_ShowNum      oled.o
    0x0800109c   0x0800109c   0x0000007e   Code   RO         3902    i.OLED_Show_Float   oled.o
    0x0800111a   0x0800111a   0x00000018   Code   RO         3903    i.OLED_WR_Byte      oled.o
    0x08001132   0x08001132   0x00000002   Code   RO         3370    i.PendSV_Handler    stm32f10x_it.o
    0x08001134   0x08001134   0x00000020   Code   RO         1703    i.RCC_AHBPeriphClockCmd  stm32f10x_rcc.o
    0x08001154   0x08001154   0x00000020   Code   RO         1704    i.RCC_APB1PeriphClockCmd  stm32f10x_rcc.o
    0x08001174   0x08001174   0x00000020   Code   RO         1706    i.RCC_APB2PeriphClockCmd  stm32f10x_rcc.o
    0x08001194   0x08001194   0x0000001c   Code   RO         3819    i.SDA_IN            iic.o
    0x080011b0   0x080011b0   0x00000024   Code   RO         3820    i.SDA_OUT           iic.o
    0x080011d4   0x080011d4   0x00000002   Code   RO         3371    i.SVC_Handler       stm32f10x_it.o
    0x080011d6   0x080011d6   0x00000002   PAD
    0x080011d8   0x080011d8   0x000000b4   Code   RO         3196    i.Send_Wendu        main.o
    0x0800128c   0x0800128c   0x00000008   Code   RO         3136    i.SetSysClock       system_stm32f10x.o
    0x08001294   0x08001294   0x000000e0   Code   RO         3137    i.SetSysClockTo72   system_stm32f10x.o
    0x08001374   0x08001374   0x00000002   Code   RO         3372    i.SysTick_Handler   stm32f10x_it.o
    0x08001376   0x08001376   0x00000002   PAD
    0x08001378   0x08001378   0x00000060   Code   RO         3139    i.SystemInit        system_stm32f10x.o
    0x080013d8   0x080013d8   0x00000024   Code   RO         3197    i.TIM3_IRQHandler   main.o
    0x080013fc   0x080013fc   0x00000006   Code   RO         2344    i.TIM_ClearFlag     stm32f10x_tim.o
    0x08001402   0x08001402   0x00000006   Code   RO         2345    i.TIM_ClearITPendingBit  stm32f10x_tim.o
    0x08001408   0x08001408   0x00000018   Code   RO         2350    i.TIM_Cmd           stm32f10x_tim.o
    0x08001420   0x08001420   0x00000012   Code   RO         2370    i.TIM_GetFlagStatus  stm32f10x_tim.o
    0x08001432   0x08001432   0x00000012   Code   RO         2375    i.TIM_ITConfig      stm32f10x_tim.o
    0x08001444   0x08001444   0x0000000c   Code   RO         2377    i.TIM_InternalClockConfig  stm32f10x_tim.o
    0x08001450   0x08001450   0x00000012   Code   RO         2407    i.TIM_SelectOutputTrigger  stm32f10x_tim.o
    0x08001462   0x08001462   0x00000002   PAD
    0x08001464   0x08001464   0x000000a4   Code   RO         2421    i.TIM_TimeBaseInit  stm32f10x_tim.o
    0x08001508   0x08001508   0x00000012   Code   RO         2422    i.TIM_TimeBaseStructInit  stm32f10x_tim.o
    0x0800151a   0x0800151a   0x00000002   PAD
    0x0800151c   0x0800151c   0x0000007c   Code   RO         3567    i.Timer3_Init       tim.o
    0x08001598   0x08001598   0x00000004   Code   RO         3373    i.UsageFault_Handler  stm32f10x_it.o
    0x0800159c   0x0800159c   0x0000000e   Code   RO         4754    i.__scatterload_copy  mc_w.l(handlers.o)
    0x080015aa   0x080015aa   0x00000002   Code   RO         4755    i.__scatterload_null  mc_w.l(handlers.o)
    0x080015ac   0x080015ac   0x0000000e   Code   RO         4756    i.__scatterload_zeroinit  mc_w.l(handlers.o)
    0x080015ba   0x080015ba   0x00000002   PAD
    0x080015bc   0x080015bc   0x00000050   Code   RO         3198    i.main              main.o
    0x0800160c   0x0800160c   0x00000016   Code   RO         3904    i.oled_pow          oled.o
    0x08001622   0x08001622   0x0000002c   Code   RO         3905    i.write_iic_cmd     oled.o
    0x0800164e   0x0800164e   0x0000002c   Code   RO         3906    i.write_iic_data    oled.o
    0x0800167a   0x0800167a   0x00001800   Data   RO         3908    .constdata          oled.o
    0x08002e7a   0x08002e7a   0x00000002   PAD
    0x08002e7c   0x08002e7c   0x00000020   Data   RO         4752    Region$$Table       anon$$obj.o


    Execution Region RW_IRAM1 (Exec base: 0x20000000, Load base: 0x08002e9c, Size: 0x00000908, Max: 0x0000c000, ABSOLUTE)

    Exec Addr    Load Addr    Size         Type   Attr      Idx    E Section Name        Object

    0x20000000   0x08002e9c   0x00000008   Data   RW         3199    .data               main.o
    0x20000008        -       0x00000100   Zero   RW         3734    .bss                dac.o
    0x20000108        -       0x00000400   Zero   RW         3907    .bss                oled.o
    0x20000508        -       0x00000400   Zero   RW         3189    STACK               startup_stm32f10x_hd.o


==============================================================================

Image component sizes


      Code (inc. data)   RO Data    RW Data    ZI Data      Debug   Object Name

         0          0          0          0          0         32   core_cm3.o
       372         32          0          0        256       1943   dac.o
        70          0          0          0          0        842   delay.o
       590         52          0          0          0       4812   ds18b20.o
        22          0          0          0          0        403   exti.o
       428         60          0          0          0       3112   iic.o
       296         24          0          8          0      44575   main.o
       132         22          0          0          0     239135   misc.o
      1120         30       6144          0       1024       7434   oled.o
        36          8        304          0       1024        740   startup_stm32f10x_hd.o
         0          0          0          0          0       1612   stm32f10x_adc.o
       136         18          0          0          0       6758   stm32f10x_dac.o
        84          0          0          0          0      12401   stm32f10x_dma.o
        52         12          0          0          0        972   stm32f10x_exti.o
       278          0          0          0          0      10196   stm32f10x_gpio.o
        26          0          0          0          0       3350   stm32f10x_it.o
        96         18          0          0          0       1478   stm32f10x_rcc.o
       284         42          0          0          0      25233   stm32f10x_tim.o
       328         28          0          0          0       1773   system_stm32f10x.o
       124          6          0          0          0        502   tim.o

    ----------------------------------------------------------------------
      4492        352       6482          8       2304     367303   Object Totals
         0          0         32          0          0          0   (incl. Generated)
        18          0          2          0          0          0   (incl. Padding)

    ----------------------------------------------------------------------

      Code (inc. data)   RO Data    RW Data    ZI Data      Debug   Library Member Name

         0          0          0          0          0          0   entry.o
         0          0          0          0          0          0   entry10a.o
         0          0          0          0          0          0   entry11a.o
         8          4          0          0          0          0   entry2.o
         4          0          0          0          0          0   entry5.o
         0          0          0          0          0          0   entry7b.o
         0          0          0          0          0          0   entry8b.o
         8          4          0          0          0          0   entry9a.o
        30          0          0          0          0          0   handlers.o
        36          8          0          0          0         68   init.o
         0          0          0          0          0          0   iusefp.o
        30          0          0          0          0         68   llshl.o
        32          0          0          0          0         68   llushr.o
        56          0          0          0          0         88   d2f.o
       186          0          0          0          0        176   depilogue.o
        26          0          0          0          0         76   dfltui.o
       228          0          0          0          0         96   dmul.o
       110          0          0          0          0        168   fepilogue.o
        50          0          0          0          0         68   ffixi.o
        40          0          0          0          0         68   ffixui.o
        10          0          0          0          0         68   ffltui.o
       100          0          0          0          0         76   fmul.o

    ----------------------------------------------------------------------
       958         16          0          0          0       1088   Library Totals
         4          0          0          0          0          0   (incl. Padding)

    ----------------------------------------------------------------------

      Code (inc. data)   RO Data    RW Data    ZI Data      Debug   Library Name

       148         16          0          0          0        204   mc_w.l
       806          0          0          0          0        884   mf_w.l

    ----------------------------------------------------------------------
       958         16          0          0          0       1088   Library Totals

    ----------------------------------------------------------------------

==============================================================================


      Code (inc. data)   RO Data    RW Data    ZI Data      Debug   

      5450        368       6482          8       2304     364539   Grand Totals
      5450        368       6482          8       2304     364539   ELF Image Totals
      5450        368       6482          8          0          0   ROM Totals

==============================================================================

    Total RO  Size (Code + RO Data)                11932 (  11.65kB)
    Total RW  Size (RW Data + ZI Data)              2312 (   2.26kB)
    Total ROM Size (Code + RO Data + RW Data)      11940 (  11.66kB)

==============================================================================

